Loading debug.json...
Found 3 images.


========================================================
ANALYZING IMAGE 0
========================================================

Found 14 candidates for image 0.

----------------------------------------
Candidate 0
URL: https://instagram.ftir1-2.fna.fbcdn.net/v/t51.82787-15/731105082_18610798147040236_4554968100807258640_n.jpg?stp=dst-jpegr_e35_tt6&_nc_cat=1&ig_cache_key=MzkzMTY4ODAwOTg1ODQ5OTA1OQ%3D%3D.3-ccb7-5&ccb=7-5&_nc_sid=58cdad&efg=eyJ2ZW5jb2RlX3RhZyI6IkNBUk9VU0VMX0lURU0ueHBpZHMuMjgwMy5oZHIucmVndWxhcl9waG90by5DMyJ9&_nc_ohc=beXCikQYfrMQ7kNvwEaKhPj&_nc_oc=Adr8XnDm_5_rP94tu4d2Gds4TgPLAlpLAQnSxh52Jxwr_abMGSjiKEhMkIugG9pCmyTh1UBtQLZIZE9BuHSDqr3r&_nc_zt=23&se=-1&_nc_ht=instagram.ftir1-2.fna&_nc_gid=r9chAe_Qh3-1VmS7-my95A&_nc_ss=7f689&oh=00_AQDr_WEOxEZCD0WmCmtfiZ-OIZm7kMPgPS8XkJjfzS1B6w&oe=6A4D3D4D
Width: MISSING
Height: MISSING
Estimated Resolution: 0x0
File Extension: UNKNOWN
Contains Crop Parameters: NO
Contains Resize Parameters: NO
Contains JPEG Recompression: YES
Contains WebP: NO
Contains AVIF: NO
URL Length: 589
HTTP Status: 200
Content-Type: image/jpeg
Content-Length: 732270
Downloaded Bytes: 732270
Redirect Count: 0
Final URL: https://instagram.ftir1-2.fna.fbcdn.net/v/t51.82787-15/731105082_18610798147040236_4554968100807258640_n.jpg?stp=dst-jpegr_e35_tt6&_nc_cat=1&ig_cache_key=MzkzMTY4ODAwOTg1ODQ5OTA1OQ%3D%3D.3-ccb7-5&ccb=7-5&_nc_sid=58cdad&efg=eyJ2ZW5jb2RlX3RhZyI6IkNBUk9VU0VMX0lURU0ueHBpZHMuMjgwMy5oZHIucmVndWxhcl9waG90by5DMyJ9&_nc_ohc=beXCikQYfrMQ7kNvwEaKhPj&_nc_oc=Adr8XnDm_5_rP94tu4d2Gds4TgPLAlpLAQnSxh52Jxwr_abMGSjiKEhMkIugG9pCmyTh1UBtQLZIZE9BuHSDqr3r&_nc_zt=23&se=-1&_nc_ht=instagram.ftir1-2.fna&_nc_gid=r9chAe_Qh3-1VmS7-my95A&_nc_ss=7f689&oh=00_AQDr_WEOxEZCD0WmCmtfiZ-OIZm7kMPgPS8XkJjfzS1B6w&oe=6A4D3D4D
----------------------------------------
Candidate 1
URL: https://instagram.ftir1-2.fna.fbcdn.net/v/t51.82787-15/731105082_18610798147040236_4554968100807258640_n.jpg?stp=dst-jpegr_e35_p1080x1080_tt6&_nc_cat=1&ig_cache_key=MzkzMTY4ODAwOTg1ODQ5OTA1OQ%3D%3D.3-ccb7-5&ccb=7-5&_nc_sid=58cdad&efg=eyJ2ZW5jb2RlX3RhZyI6IkNBUk9VU0VMX0lURU0ueHBpZHMuMjgwMy5oZHIucmVndWxhcl9waG90by5DMyJ9&_nc_ohc=beXCikQYfrMQ7kNvwEaKhPj&_nc_oc=Adr8XnDm_5_rP94tu4d2Gds4TgPLAlpLAQnSxh52Jxwr_abMGSjiKEhMkIugG9pCmyTh1UBtQLZIZE9BuHSDqr3r&_nc_zt=23&se=-1&_nc_ht=instagram.ftir1-2.fna&_nc_gid=r9chAe_Qh3-1VmS7-my95A&_nc_ss=7f689&oh=00_AQCzTT0XOhuLDER0lCZcD8qtT7FHVyGVe1vY18FWK81IxQ&oe=6A4D3D4D
Width: MISSING
Height: MISSING
Estimated Resolution: 1080x1080
File Extension: UNKNOWN
Contains Crop Parameters: NO
Contains Resize Parameters: YES
Contains JPEG Recompression: YES
Contains WebP: NO
Contains AVIF: NO
URL Length: 600
HTTP Status: 200
Content-Type: image/jpeg
Content-Length: 147952
Downloaded Bytes: 147952
Redirect Count: 0
Final URL: https://instagram.ftir1-2.fna.fbcdn.net/v/t51.82787-15/731105082_18610798147040236_4554968100807258640_n.jpg?stp=dst-jpegr_e35_p1080x1080_tt6&_nc_cat=1&ig_cache_key=MzkzMTY4ODAwOTg1ODQ5OTA1OQ%3D%3D.3-ccb7-5&ccb=7-5&_nc_sid=58cdad&efg=eyJ2ZW5jb2RlX3RhZyI6IkNBUk9VU0VMX0lURU0ueHBpZHMuMjgwMy5oZHIucmVndWxhcl9waG90by5DMyJ9&_nc_ohc=beXCikQYfrMQ7kNvwEaKhPj&_nc_oc=Adr8XnDm_5_rP94tu4d2Gds4TgPLAlpLAQnSxh52Jxwr_abMGSjiKEhMkIugG9pCmyTh1UBtQLZIZE9BuHSDqr3r&_nc_zt=23&se=-1&_nc_ht=instagram.ftir1-2.fna&_nc_gid=r9chAe_Qh3-1VmS7-my95A&_nc_ss=7f689&oh=00_AQCzTT0XOhuLDER0lCZcD8qtT7FHVyGVe1vY18FWK81IxQ&oe=6A4D3D4D
----------------------------------------
Candidate 2
URL: https://instagram.ftir1-2.fna.fbcdn.net/v/t51.82787-15/731105082_18610798147040236_4554968100807258640_n.jpg?stp=dst-jpegr_e35_p720x720_tt6&_nc_cat=1&ig_cache_key=MzkzMTY4ODAwOTg1ODQ5OTA1OQ%3D%3D.3-ccb7-5&ccb=7-5&_nc_sid=58cdad&efg=eyJ2ZW5jb2RlX3RhZyI6IkNBUk9VU0VMX0lURU0ueHBpZHMuMjgwMy5oZHIucmVndWxhcl9waG90by5DMyJ9&_nc_ohc=beXCikQYfrMQ7kNvwEaKhPj&_nc_oc=Adr8XnDm_5_rP94tu4d2Gds4TgPLAlpLAQnSxh52Jxwr_abMGSjiKEhMkIugG9pCmyTh1UBtQLZIZE9BuHSDqr3r&_nc_zt=23&se=-1&_nc_ht=instagram.ftir1-2.fna&_nc_gid=r9chAe_Qh3-1VmS7-my95A&_nc_ss=7f689&oh=00_AQAlVZbGo2WZB1TZOdXxImwbgJkXQj559oGS83QR368tIg&oe=6A4D3D4D
Width: MISSING
Height: MISSING
Estimated Resolution: 720x720
File Extension: UNKNOWN
Contains Crop Parameters: NO
Contains Resize Parameters: YES
Contains JPEG Recompression: YES
Contains WebP: NO
Contains AVIF: NO
URL Length: 598
HTTP Status: 200
Content-Type: image/jpeg
Content-Length: 76901
Downloaded Bytes: 76901
Redirect Count: 0
Final URL: https://instagram.ftir1-2.fna.fbcdn.net/v/t51.82787-15/731105082_18610798147040236_4554968100807258640_n.jpg?stp=dst-jpegr_e35_p720x720_tt6&_nc_cat=1&ig_cache_key=MzkzMTY4ODAwOTg1ODQ5OTA1OQ%3D%3D.3-ccb7-5&ccb=7-5&_nc_sid=58cdad&efg=eyJ2ZW5jb2RlX3RhZyI6IkNBUk9VU0VMX0lURU0ueHBpZHMuMjgwMy5oZHIucmVndWxhcl9waG90by5DMyJ9&_nc_ohc=beXCikQYfrMQ7kNvwEaKhPj&_nc_oc=Adr8XnDm_5_rP94tu4d2Gds4TgPLAlpLAQnSxh52Jxwr_abMGSjiKEhMkIugG9pCmyTh1UBtQLZIZE9BuHSDqr3r&_nc_zt=23&se=-1&_nc_ht=instagram.ftir1-2.fna&_nc_gid=r9chAe_Qh3-1VmS7-my95A&_nc_ss=7f689&oh=00_AQAlVZbGo2WZB1TZOdXxImwbgJkXQj559oGS83QR368tIg&oe=6A4D3D4D
----------------------------------------
Candidate 3
URL: https://instagram.ftir1-2.fna.fbcdn.net/v/t51.82787-15/731105082_18610798147040236_4554968100807258640_n.jpg?stp=dst-jpegr_e35_p640x640_sh2.08_tt6&_nc_cat=1&ig_cache_key=MzkzMTY4ODAwOTg1ODQ5OTA1OQ%3D%3D.3-ccb7-5&ccb=7-5&_nc_sid=58cdad&efg=eyJ2ZW5jb2RlX3RhZyI6IkNBUk9VU0VMX0lURU0ueHBpZHMuMjgwMy5oZHIucmVndWxhcl9waG90by5DMyJ9&_nc_ohc=beXCikQYfrMQ7kNvwEaKhPj&_nc_oc=Adr8XnDm_5_rP94tu4d2Gds4TgPLAlpLAQnSxh52Jxwr_abMGSjiKEhMkIugG9pCmyTh1UBtQLZIZE9BuHSDqr3r&_nc_zt=23&se=-1&_nc_ht=instagram.ftir1-2.fna&_nc_gid=r9chAe_Qh3-1VmS7-my95A&_nc_ss=7f689&oh=00_AQDTPqSpY867AFG0FkBwowdH9HYvGOjgq5hdhx7XVSoFlg&oe=6A4D3D4D
Width: MISSING
Height: MISSING
Estimated Resolution: 640x640
File Extension: UNKNOWN
Contains Crop Parameters: NO
Contains Resize Parameters: YES
Contains JPEG Recompression: YES
Contains WebP: NO
Contains AVIF: NO
URL Length: 605
HTTP Status: 200
Content-Type: image/jpeg
Content-Length: 69768
Downloaded Bytes: 69768
Redirect Count: 0
Final URL: https://instagram.ftir1-2.fna.fbcdn.net/v/t51.82787-15/731105082_18610798147040236_4554968100807258640_n.jpg?stp=dst-jpegr_e35_p640x640_sh2.08_tt6&_nc_cat=1&ig_cache_key=MzkzMTY4ODAwOTg1ODQ5OTA1OQ%3D%3D.3-ccb7-5&ccb=7-5&_nc_sid=58cdad&efg=eyJ2ZW5jb2RlX3RhZyI6IkNBUk9VU0VMX0lURU0ueHBpZHMuMjgwMy5oZHIucmVndWxhcl9waG90by5DMyJ9&_nc_ohc=beXCikQYfrMQ7kNvwEaKhPj&_nc_oc=Adr8XnDm_5_rP94tu4d2Gds4TgPLAlpLAQnSxh52Jxwr_abMGSjiKEhMkIugG9pCmyTh1UBtQLZIZE9BuHSDqr3r&_nc_zt=23&se=-1&_nc_ht=instagram.ftir1-2.fna&_nc_gid=r9chAe_Qh3-1VmS7-my95A&_nc_ss=7f689&oh=00_AQDTPqSpY867AFG0FkBwowdH9HYvGOjgq5hdhx7XVSoFlg&oe=6A4D3D4D
----------------------------------------
Candidate 4
URL: https://instagram.ftir1-2.fna.fbcdn.net/v/t51.82787-15/731105082_18610798147040236_4554968100807258640_n.jpg?stp=dst-jpegr_e35_s640x640_tt6&_nc_cat=1&ig_cache_key=MzkzMTY4ODAwOTg1ODQ5OTA1OQ%3D%3D.3-ccb7-5&ccb=7-5&_nc_sid=58cdad&efg=eyJ2ZW5jb2RlX3RhZyI6IkNBUk9VU0VMX0lURU0ueHBpZHMuMjgwMy5oZHIucmVndWxhcl9waG90by5DMyJ9&_nc_ohc=beXCikQYfrMQ7kNvwEaKhPj&_nc_oc=Adr8XnDm_5_rP94tu4d2Gds4TgPLAlpLAQnSxh52Jxwr_abMGSjiKEhMkIugG9pCmyTh1UBtQLZIZE9BuHSDqr3r&_nc_zt=23&se=-1&_nc_ht=instagram.ftir1-2.fna&_nc_gid=r9chAe_Qh3-1VmS7-my95A&_nc_ss=7f689&oh=00_AQDiWYl51tk_pacb65sLhw2ZGYBKUjMmLdeUW8fcFsFsog&oe=6A4D3D4D
Width: MISSING
Height: MISSING
Estimated Resolution: 640x640
File Extension: UNKNOWN
Contains Crop Parameters: NO
Contains Resize Parameters: YES
Contains JPEG Recompression: YES
Contains WebP: NO
Contains AVIF: NO
URL Length: 598
HTTP Status: 200
Content-Type: image/jpeg
Content-Length: 41528
Downloaded Bytes: 41528
Redirect Count: 0
Final URL: https://instagram.ftir1-2.fna.fbcdn.net/v/t51.82787-15/731105082_18610798147040236_4554968100807258640_n.jpg?stp=dst-jpegr_e35_s640x640_tt6&_nc_cat=1&ig_cache_key=MzkzMTY4ODAwOTg1ODQ5OTA1OQ%3D%3D.3-ccb7-5&ccb=7-5&_nc_sid=58cdad&efg=eyJ2ZW5jb2RlX3RhZyI6IkNBUk9VU0VMX0lURU0ueHBpZHMuMjgwMy5oZHIucmVndWxhcl9waG90by5DMyJ9&_nc_ohc=beXCikQYfrMQ7kNvwEaKhPj&_nc_oc=Adr8XnDm_5_rP94tu4d2Gds4TgPLAlpLAQnSxh52Jxwr_abMGSjiKEhMkIugG9pCmyTh1UBtQLZIZE9BuHSDqr3r&_nc_zt=23&se=-1&_nc_ht=instagram.ftir1-2.fna&_nc_gid=r9chAe_Qh3-1VmS7-my95A&_nc_ss=7f689&oh=00_AQDiWYl51tk_pacb65sLhw2ZGYBKUjMmLdeUW8fcFsFsog&oe=6A4D3D4D
----------------------------------------
Candidate 5
URL: https://instagram.ftir1-2.fna.fbcdn.net/v/t51.82787-15/731105082_18610798147040236_4554968100807258640_n.jpg?stp=dst-jpegr_e35_p320x320_tt6&_nc_cat=1&ig_cache_key=MzkzMTY4ODAwOTg1ODQ5OTA1OQ%3D%3D.3-ccb7-5&ccb=7-5&_nc_sid=58cdad&efg=eyJ2ZW5jb2RlX3RhZyI6IkNBUk9VU0VMX0lURU0ueHBpZHMuMjgwMy5oZHIucmVndWxhcl9waG90by5DMyJ9&_nc_ohc=beXCikQYfrMQ7kNvwEaKhPj&_nc_oc=Adr8XnDm_5_rP94tu4d2Gds4TgPLAlpLAQnSxh52Jxwr_abMGSjiKEhMkIugG9pCmyTh1UBtQLZIZE9BuHSDqr3r&_nc_zt=23&se=-1&_nc_ht=instagram.ftir1-2.fna&_nc_gid=r9chAe_Qh3-1VmS7-my95A&_nc_ss=7f689&oh=00_AQDHny_eW4UwYK-0YosVSob3d0W0LNQAC_URGSvpt9lsaw&oe=6A4D3D4D
Width: MISSING
Height: MISSING
Estimated Resolution: 320x320
File Extension: UNKNOWN
Contains Crop Parameters: NO
Contains Resize Parameters: YES
Contains JPEG Recompression: YES
Contains WebP: NO
Contains AVIF: NO
URL Length: 598
HTTP Status: 200
Content-Type: image/jpeg
Content-Length: 22312
Downloaded Bytes: 22312
Redirect Count: 0
Final URL: https://instagram.ftir1-2.fna.fbcdn.net/v/t51.82787-15/731105082_18610798147040236_4554968100807258640_n.jpg?stp=dst-jpegr_e35_p320x320_tt6&_nc_cat=1&ig_cache_key=MzkzMTY4ODAwOTg1ODQ5OTA1OQ%3D%3D.3-ccb7-5&ccb=7-5&_nc_sid=58cdad&efg=eyJ2ZW5jb2RlX3RhZyI6IkNBUk9VU0VMX0lURU0ueHBpZHMuMjgwMy5oZHIucmVndWxhcl9waG90by5DMyJ9&_nc_ohc=beXCikQYfrMQ7kNvwEaKhPj&_nc_oc=Adr8XnDm_5_rP94tu4d2Gds4TgPLAlpLAQnSxh52Jxwr_abMGSjiKEhMkIugG9pCmyTh1UBtQLZIZE9BuHSDqr3r&_nc_zt=23&se=-1&_nc_ht=instagram.ftir1-2.fna&_nc_gid=r9chAe_Qh3-1VmS7-my95A&_nc_ss=7f689&oh=00_AQDHny_eW4UwYK-0YosVSob3d0W0LNQAC_URGSvpt9lsaw&oe=6A4D3D4D
----------------------------------------
Candidate 6
URL: https://instagram.ftir1-2.fna.fbcdn.net/v/t51.82787-15/731105082_18610798147040236_4554968100807258640_n.jpg?stp=dst-jpegr_e35_s320x320_tt6&_nc_cat=1&ig_cache_key=MzkzMTY4ODAwOTg1ODQ5OTA1OQ%3D%3D.3-ccb7-5&ccb=7-5&_nc_sid=58cdad&efg=eyJ2ZW5jb2RlX3RhZyI6IkNBUk9VU0VMX0lURU0ueHBpZHMuMjgwMy5oZHIucmVndWxhcl9waG90by5DMyJ9&_nc_ohc=beXCikQYfrMQ7kNvwEaKhPj&_nc_oc=Adr8XnDm_5_rP94tu4d2Gds4TgPLAlpLAQnSxh52Jxwr_abMGSjiKEhMkIugG9pCmyTh1UBtQLZIZE9BuHSDqr3r&_nc_zt=23&se=-1&_nc_ht=instagram.ftir1-2.fna&_nc_gid=r9chAe_Qh3-1VmS7-my95A&_nc_ss=7f689&oh=00_AQAocyvf2ONrjI_zvpua2JJTx3fjX1PRkqeLAW64hiGLjg&oe=6A4D3D4D
Width: MISSING
Height: MISSING
Estimated Resolution: 320x320
File Extension: UNKNOWN
Contains Crop Parameters: NO
Contains Resize Parameters: YES
Contains JPEG Recompression: YES
Contains WebP: NO
Contains AVIF: NO
URL Length: 598
HTTP Status: 200
Content-Type: image/jpeg
Content-Length: 14433
Downloaded Bytes: 14433
Redirect Count: 0
Final URL: https://instagram.ftir1-2.fna.fbcdn.net/v/t51.82787-15/731105082_18610798147040236_4554968100807258640_n.jpg?stp=dst-jpegr_e35_s320x320_tt6&_nc_cat=1&ig_cache_key=MzkzMTY4ODAwOTg1ODQ5OTA1OQ%3D%3D.3-ccb7-5&ccb=7-5&_nc_sid=58cdad&efg=eyJ2ZW5jb2RlX3RhZyI6IkNBUk9VU0VMX0lURU0ueHBpZHMuMjgwMy5oZHIucmVndWxhcl9waG90by5DMyJ9&_nc_ohc=beXCikQYfrMQ7kNvwEaKhPj&_nc_oc=Adr8XnDm_5_rP94tu4d2Gds4TgPLAlpLAQnSxh52Jxwr_abMGSjiKEhMkIugG9pCmyTh1UBtQLZIZE9BuHSDqr3r&_nc_zt=23&se=-1&_nc_ht=instagram.ftir1-2.fna&_nc_gid=r9chAe_Qh3-1VmS7-my95A&_nc_ss=7f689&oh=00_AQAocyvf2ONrjI_zvpua2JJTx3fjX1PRkqeLAW64hiGLjg&oe=6A4D3D4D
----------------------------------------
Candidate 7
URL: https://instagram.ftir1-2.fna.fbcdn.net/v/t51.82787-15/731105082_18610798147040236_4554968100807258640_n.jpg?stp=c0.467.2803.2803a_dst-jpegr_e35_s1080x1080_tt6&_nc_cat=1&ig_cache_key=MzkzMTY4ODAwOTg1ODQ5OTA1OQ%3D%3D.3-ccb7-5&ccb=7-5&_nc_sid=58cdad&efg=eyJ2ZW5jb2RlX3RhZyI6IkNBUk9VU0VMX0lURU0ueHBpZHMuMjgwMy5oZHIucmVndWxhcl9waG90by5DMyJ9&_nc_ohc=beXCikQYfrMQ7kNvwEaKhPj&_nc_oc=Adr8XnDm_5_rP94tu4d2Gds4TgPLAlpLAQnSxh52Jxwr_abMGSjiKEhMkIugG9pCmyTh1UBtQLZIZE9BuHSDqr3r&_nc_zt=23&se=-1&_nc_ht=instagram.ftir1-2.fna&_nc_gid=r9chAe_Qh3-1VmS7-my95A&_nc_ss=7f689&oh=00_AQDq3VH_12RIQGVdMmtvBladHQtfsf36OAgHd29vFIo2dw&oe=6A4D3D4D
Width: MISSING
Height: MISSING
Estimated Resolution: 1080x1080
File Extension: UNKNOWN
Contains Crop Parameters: YES
Contains Resize Parameters: YES
Contains JPEG Recompression: YES
Contains WebP: NO
Contains AVIF: NO
URL Length: 618
HTTP Status: 200
Content-Type: image/jpeg
Content-Length: 113055
Downloaded Bytes: 113055
Redirect Count: 0
Final URL: https://instagram.ftir1-2.fna.fbcdn.net/v/t51.82787-15/731105082_18610798147040236_4554968100807258640_n.jpg?stp=c0.467.2803.2803a_dst-jpegr_e35_s1080x1080_tt6&_nc_cat=1&ig_cache_key=MzkzMTY4ODAwOTg1ODQ5OTA1OQ%3D%3D.3-ccb7-5&ccb=7-5&_nc_sid=58cdad&efg=eyJ2ZW5jb2RlX3RhZyI6IkNBUk9VU0VMX0lURU0ueHBpZHMuMjgwMy5oZHIucmVndWxhcl9waG90by5DMyJ9&_nc_ohc=beXCikQYfrMQ7kNvwEaKhPj&_nc_oc=Adr8XnDm_5_rP94tu4d2Gds4TgPLAlpLAQnSxh52Jxwr_abMGSjiKEhMkIugG9pCmyTh1UBtQLZIZE9BuHSDqr3r&_nc_zt=23&se=-1&_nc_ht=instagram.ftir1-2.fna&_nc_gid=r9chAe_Qh3-1VmS7-my95A&_nc_ss=7f689&oh=00_AQDq3VH_12RIQGVdMmtvBladHQtfsf36OAgHd29vFIo2dw&oe=6A4D3D4D
----------------------------------------
Candidate 8
URL: https://instagram.ftir1-2.fna.fbcdn.net/v/t51.82787-15/731105082_18610798147040236_4554968100807258640_n.jpg?stp=c0.467.2803.2803a_dst-jpegr_e35_s750x750_sh2.08_tt6&_nc_cat=1&ig_cache_key=MzkzMTY4ODAwOTg1ODQ5OTA1OQ%3D%3D.3-ccb7-5&ccb=7-5&_nc_sid=58cdad&efg=eyJ2ZW5jb2RlX3RhZyI6IkNBUk9VU0VMX0lURU0ueHBpZHMuMjgwMy5oZHIucmVndWxhcl9waG90by5DMyJ9&_nc_ohc=beXCikQYfrMQ7kNvwEaKhPj&_nc_oc=Adr8XnDm_5_rP94tu4d2Gds4TgPLAlpLAQnSxh52Jxwr_abMGSjiKEhMkIugG9pCmyTh1UBtQLZIZE9BuHSDqr3r&_nc_zt=23&se=-1&_nc_ht=instagram.ftir1-2.fna&_nc_gid=r9chAe_Qh3-1VmS7-my95A&_nc_ss=7f689&oh=00_AQAhdB5-azklw7YsvksC9e9qgENrwtOeAXYkFhAe-3I5WA&oe=6A4D3D4D
Width: MISSING
Height: MISSING
Estimated Resolution: 750x750
File Extension: UNKNOWN
Contains Crop Parameters: YES
Contains Resize Parameters: YES
Contains JPEG Recompression: YES
Contains WebP: NO
Contains AVIF: NO
URL Length: 623
HTTP Status: 200
Content-Type: image/jpeg
Content-Length: 69174
Downloaded Bytes: 69174
Redirect Count: 0
Final URL: https://instagram.ftir1-2.fna.fbcdn.net/v/t51.82787-15/731105082_18610798147040236_4554968100807258640_n.jpg?stp=c0.467.2803.2803a_dst-jpegr_e35_s750x750_sh2.08_tt6&_nc_cat=1&ig_cache_key=MzkzMTY4ODAwOTg1ODQ5OTA1OQ%3D%3D.3-ccb7-5&ccb=7-5&_nc_sid=58cdad&efg=eyJ2ZW5jb2RlX3RhZyI6IkNBUk9VU0VMX0lURU0ueHBpZHMuMjgwMy5oZHIucmVndWxhcl9waG90by5DMyJ9&_nc_ohc=beXCikQYfrMQ7kNvwEaKhPj&_nc_oc=Adr8XnDm_5_rP94tu4d2Gds4TgPLAlpLAQnSxh52Jxwr_abMGSjiKEhMkIugG9pCmyTh1UBtQLZIZE9BuHSDqr3r&_nc_zt=23&se=-1&_nc_ht=instagram.ftir1-2.fna&_nc_gid=r9chAe_Qh3-1VmS7-my95A&_nc_ss=7f689&oh=00_AQAhdB5-azklw7YsvksC9e9qgENrwtOeAXYkFhAe-3I5WA&oe=6A4D3D4D
----------------------------------------
Candidate 9
URL: https://instagram.ftir1-2.fna.fbcdn.net/v/t51.82787-15/731105082_18610798147040236_4554968100807258640_n.jpg?stp=c0.467.2803.2803a_dst-jpegr_e35_s640x640_sh2.08_tt6&_nc_cat=1&ig_cache_key=MzkzMTY4ODAwOTg1ODQ5OTA1OQ%3D%3D.3-ccb7-5&ccb=7-5&_nc_sid=58cdad&efg=eyJ2ZW5jb2RlX3RhZyI6IkNBUk9VU0VMX0lURU0ueHBpZHMuMjgwMy5oZHIucmVndWxhcl9waG90by5DMyJ9&_nc_ohc=beXCikQYfrMQ7kNvwEaKhPj&_nc_oc=Adr8XnDm_5_rP94tu4d2Gds4TgPLAlpLAQnSxh52Jxwr_abMGSjiKEhMkIugG9pCmyTh1UBtQLZIZE9BuHSDqr3r&_nc_zt=23&se=-1&_nc_ht=instagram.ftir1-2.fna&_nc_gid=r9chAe_Qh3-1VmS7-my95A&_nc_ss=7f689&oh=00_AQAJbBn6qzkZY-clVq14wLUkCSIi2F1Sf5UwaP1mMt7MSA&oe=6A4D3D4D
Width: MISSING
Height: MISSING
Estimated Resolution: 640x640
File Extension: UNKNOWN
Contains Crop Parameters: YES
Contains Resize Parameters: YES
Contains JPEG Recompression: YES
Contains WebP: NO
Contains AVIF: NO
URL Length: 623
HTTP Status: 200
Content-Type: image/jpeg
Content-Length: 54269
Downloaded Bytes: 54269
Redirect Count: 0
Final URL: https://instagram.ftir1-2.fna.fbcdn.net/v/t51.82787-15/731105082_18610798147040236_4554968100807258640_n.jpg?stp=c0.467.2803.2803a_dst-jpegr_e35_s640x640_sh2.08_tt6&_nc_cat=1&ig_cache_key=MzkzMTY4ODAwOTg1ODQ5OTA1OQ%3D%3D.3-ccb7-5&ccb=7-5&_nc_sid=58cdad&efg=eyJ2ZW5jb2RlX3RhZyI6IkNBUk9VU0VMX0lURU0ueHBpZHMuMjgwMy5oZHIucmVndWxhcl9waG90by5DMyJ9&_nc_ohc=beXCikQYfrMQ7kNvwEaKhPj&_nc_oc=Adr8XnDm_5_rP94tu4d2Gds4TgPLAlpLAQnSxh52Jxwr_abMGSjiKEhMkIugG9pCmyTh1UBtQLZIZE9BuHSDqr3r&_nc_zt=23&se=-1&_nc_ht=instagram.ftir1-2.fna&_nc_gid=r9chAe_Qh3-1VmS7-my95A&_nc_ss=7f689&oh=00_AQAJbBn6qzkZY-clVq14wLUkCSIi2F1Sf5UwaP1mMt7MSA&oe=6A4D3D4D
----------------------------------------
Candidate 10
URL: https://instagram.ftir1-2.fna.fbcdn.net/v/t51.82787-15/731105082_18610798147040236_4554968100807258640_n.jpg?stp=c0.467.2803.2803a_dst-jpegr_e35_s480x480_tt6&_nc_cat=1&ig_cache_key=MzkzMTY4ODAwOTg1ODQ5OTA1OQ%3D%3D.3-ccb7-5&ccb=7-5&_nc_sid=58cdad&efg=eyJ2ZW5jb2RlX3RhZyI6IkNBUk9VU0VMX0lURU0ueHBpZHMuMjgwMy5oZHIucmVndWxhcl9waG90by5DMyJ9&_nc_ohc=beXCikQYfrMQ7kNvwEaKhPj&_nc_oc=Adr8XnDm_5_rP94tu4d2Gds4TgPLAlpLAQnSxh52Jxwr_abMGSjiKEhMkIugG9pCmyTh1UBtQLZIZE9BuHSDqr3r&_nc_zt=23&se=-1&_nc_ht=instagram.ftir1-2.fna&_nc_gid=r9chAe_Qh3-1VmS7-my95A&_nc_ss=7f689&oh=00_AQDMTG4cZkfeAgEHYFhVkGvNG9qv9q2BUtaJ2wdhXy2aNQ&oe=6A4D3D4D
Width: MISSING
Height: MISSING
Estimated Resolution: 480x480
File Extension: UNKNOWN
Contains Crop Parameters: YES
Contains Resize Parameters: YES
Contains JPEG Recompression: YES
Contains WebP: NO
Contains AVIF: NO
URL Length: 616
HTTP Status: 200
Content-Type: image/jpeg
Content-Length: 32888
Downloaded Bytes: 32888
Redirect Count: 0
Final URL: https://instagram.ftir1-2.fna.fbcdn.net/v/t51.82787-15/731105082_18610798147040236_4554968100807258640_n.jpg?stp=c0.467.2803.2803a_dst-jpegr_e35_s480x480_tt6&_nc_cat=1&ig_cache_key=MzkzMTY4ODAwOTg1ODQ5OTA1OQ%3D%3D.3-ccb7-5&ccb=7-5&_nc_sid=58cdad&efg=eyJ2ZW5jb2RlX3RhZyI6IkNBUk9VU0VMX0lURU0ueHBpZHMuMjgwMy5oZHIucmVndWxhcl9waG90by5DMyJ9&_nc_ohc=beXCikQYfrMQ7kNvwEaKhPj&_nc_oc=Adr8XnDm_5_rP94tu4d2Gds4TgPLAlpLAQnSxh52Jxwr_abMGSjiKEhMkIugG9pCmyTh1UBtQLZIZE9BuHSDqr3r&_nc_zt=23&se=-1&_nc_ht=instagram.ftir1-2.fna&_nc_gid=r9chAe_Qh3-1VmS7-my95A&_nc_ss=7f689&oh=00_AQDMTG4cZkfeAgEHYFhVkGvNG9qv9q2BUtaJ2wdhXy2aNQ&oe=6A4D3D4D
----------------------------------------
Candidate 11
URL: https://instagram.ftir1-2.fna.fbcdn.net/v/t51.82787-15/731105082_18610798147040236_4554968100807258640_n.jpg?stp=c0.467.2803.2803a_dst-jpegr_e35_s320x320_tt6&_nc_cat=1&ig_cache_key=MzkzMTY4ODAwOTg1ODQ5OTA1OQ%3D%3D.3-ccb7-5&ccb=7-5&_nc_sid=58cdad&efg=eyJ2ZW5jb2RlX3RhZyI6IkNBUk9VU0VMX0lURU0ueHBpZHMuMjgwMy5oZHIucmVndWxhcl9waG90by5DMyJ9&_nc_ohc=beXCikQYfrMQ7kNvwEaKhPj&_nc_oc=Adr8XnDm_5_rP94tu4d2Gds4TgPLAlpLAQnSxh52Jxwr_abMGSjiKEhMkIugG9pCmyTh1UBtQLZIZE9BuHSDqr3r&_nc_zt=23&se=-1&_nc_ht=instagram.ftir1-2.fna&_nc_gid=r9chAe_Qh3-1VmS7-my95A&_nc_ss=7f689&oh=00_AQAmIdw4SPCOZRqsxxlGz9vDcmFd_dYUeVebRzhLjtZ4uw&oe=6A4D3D4D
Width: MISSING
Height: MISSING
Estimated Resolution: 320x320
File Extension: UNKNOWN
Contains Crop Parameters: YES
Contains Resize Parameters: YES
Contains JPEG Recompression: YES
Contains WebP: NO
Contains AVIF: NO
URL Length: 616
HTTP Status: 200
Content-Type: image/jpeg
Content-Length: 17960
Downloaded Bytes: 17960
Redirect Count: 0
Final URL: https://instagram.ftir1-2.fna.fbcdn.net/v/t51.82787-15/731105082_18610798147040236_4554968100807258640_n.jpg?stp=c0.467.2803.2803a_dst-jpegr_e35_s320x320_tt6&_nc_cat=1&ig_cache_key=MzkzMTY4ODAwOTg1ODQ5OTA1OQ%3D%3D.3-ccb7-5&ccb=7-5&_nc_sid=58cdad&efg=eyJ2ZW5jb2RlX3RhZyI6IkNBUk9VU0VMX0lURU0ueHBpZHMuMjgwMy5oZHIucmVndWxhcl9waG90by5DMyJ9&_nc_ohc=beXCikQYfrMQ7kNvwEaKhPj&_nc_oc=Adr8XnDm_5_rP94tu4d2Gds4TgPLAlpLAQnSxh52Jxwr_abMGSjiKEhMkIugG9pCmyTh1UBtQLZIZE9BuHSDqr3r&_nc_zt=23&se=-1&_nc_ht=instagram.ftir1-2.fna&_nc_gid=r9chAe_Qh3-1VmS7-my95A&_nc_ss=7f689&oh=00_AQAmIdw4SPCOZRqsxxlGz9vDcmFd_dYUeVebRzhLjtZ4uw&oe=6A4D3D4D
----------------------------------------
Candidate 12
URL: https://instagram.ftir1-2.fna.fbcdn.net/v/t51.82787-15/731105082_18610798147040236_4554968100807258640_n.jpg?stp=c0.467.2803.2803a_dst-jpegr_e35_s240x240_tt6&_nc_cat=1&ig_cache_key=MzkzMTY4ODAwOTg1ODQ5OTA1OQ%3D%3D.3-ccb7-5&ccb=7-5&_nc_sid=58cdad&efg=eyJ2ZW5jb2RlX3RhZyI6IkNBUk9VU0VMX0lURU0ueHBpZHMuMjgwMy5oZHIucmVndWxhcl9waG90by5DMyJ9&_nc_ohc=beXCikQYfrMQ7kNvwEaKhPj&_nc_oc=Adr8XnDm_5_rP94tu4d2Gds4TgPLAlpLAQnSxh52Jxwr_abMGSjiKEhMkIugG9pCmyTh1UBtQLZIZE9BuHSDqr3r&_nc_zt=23&se=-1&_nc_ht=instagram.ftir1-2.fna&_nc_gid=r9chAe_Qh3-1VmS7-my95A&_nc_ss=7f689&oh=00_AQD2z7zFCN74AHn2VIL1Z0vhKEH79--2hKoFdoG5Jp5OBQ&oe=6A4D3D4D
Width: MISSING
Height: MISSING
Estimated Resolution: 240x240
File Extension: UNKNOWN
Contains Crop Parameters: YES
Contains Resize Parameters: YES
Contains JPEG Recompression: YES
Contains WebP: NO
Contains AVIF: NO
URL Length: 616
HTTP Status: 200
Content-Type: image/jpeg
Content-Length: 11825
Downloaded Bytes: 11825
Redirect Count: 0
Final URL: https://instagram.ftir1-2.fna.fbcdn.net/v/t51.82787-15/731105082_18610798147040236_4554968100807258640_n.jpg?stp=c0.467.2803.2803a_dst-jpegr_e35_s240x240_tt6&_nc_cat=1&ig_cache_key=MzkzMTY4ODAwOTg1ODQ5OTA1OQ%3D%3D.3-ccb7-5&ccb=7-5&_nc_sid=58cdad&efg=eyJ2ZW5jb2RlX3RhZyI6IkNBUk9VU0VMX0lURU0ueHBpZHMuMjgwMy5oZHIucmVndWxhcl9waG90by5DMyJ9&_nc_ohc=beXCikQYfrMQ7kNvwEaKhPj&_nc_oc=Adr8XnDm_5_rP94tu4d2Gds4TgPLAlpLAQnSxh52Jxwr_abMGSjiKEhMkIugG9pCmyTh1UBtQLZIZE9BuHSDqr3r&_nc_zt=23&se=-1&_nc_ht=instagram.ftir1-2.fna&_nc_gid=r9chAe_Qh3-1VmS7-my95A&_nc_ss=7f689&oh=00_AQD2z7zFCN74AHn2VIL1Z0vhKEH79--2hKoFdoG5Jp5OBQ&oe=6A4D3D4D
----------------------------------------
Candidate 13
URL: https://instagram.ftir1-2.fna.fbcdn.net/v/t51.82787-15/731105082_18610798147040236_4554968100807258640_n.jpg?stp=c0.467.2803.2803a_dst-jpegr_e35_s150x150_tt6&_nc_cat=1&ig_cache_key=MzkzMTY4ODAwOTg1ODQ5OTA1OQ%3D%3D.3-ccb7-5&ccb=7-5&_nc_sid=58cdad&efg=eyJ2ZW5jb2RlX3RhZyI6IkNBUk9VU0VMX0lURU0ueHBpZHMuMjgwMy5oZHIucmVndWxhcl9waG90by5DMyJ9&_nc_ohc=beXCikQYfrMQ7kNvwEaKhPj&_nc_oc=Adr8XnDm_5_rP94tu4d2Gds4TgPLAlpLAQnSxh52Jxwr_abMGSjiKEhMkIugG9pCmyTh1UBtQLZIZE9BuHSDqr3r&_nc_zt=23&se=-1&_nc_ht=instagram.ftir1-2.fna&_nc_gid=r9chAe_Qh3-1VmS7-my95A&_nc_ss=7f689&oh=00_AQCi2cIC3FOstEi82BnlZW79kBu3bj-jurJ9iaP2YOSV0Q&oe=6A4D3D4D
Width: MISSING
Height: MISSING
Estimated Resolution: 150x150
File Extension: UNKNOWN
Contains Crop Parameters: YES
Contains Resize Parameters: YES
Contains JPEG Recompression: YES
Contains WebP: NO
Contains AVIF: NO
URL Length: 616
HTTP Status: 200
Content-Type: image/jpeg
Content-Length: 6427
Downloaded Bytes: 6427
Redirect Count: 0
Final URL: https://instagram.ftir1-2.fna.fbcdn.net/v/t51.82787-15/731105082_18610798147040236_4554968100807258640_n.jpg?stp=c0.467.2803.2803a_dst-jpegr_e35_s150x150_tt6&_nc_cat=1&ig_cache_key=MzkzMTY4ODAwOTg1ODQ5OTA1OQ%3D%3D.3-ccb7-5&ccb=7-5&_nc_sid=58cdad&efg=eyJ2ZW5jb2RlX3RhZyI6IkNBUk9VU0VMX0lURU0ueHBpZHMuMjgwMy5oZHIucmVndWxhcl9waG90by5DMyJ9&_nc_ohc=beXCikQYfrMQ7kNvwEaKhPj&_nc_oc=Adr8XnDm_5_rP94tu4d2Gds4TgPLAlpLAQnSxh52Jxwr_abMGSjiKEhMkIugG9pCmyTh1UBtQLZIZE9BuHSDqr3r&_nc_zt=23&se=-1&_nc_ht=instagram.ftir1-2.fna&_nc_gid=r9chAe_Qh3-1VmS7-my95A&_nc_ss=7f689&oh=00_AQCi2cIC3FOstEi82BnlZW79kBu3bj-jurJ9iaP2YOSV0Q&oe=6A4D3D4D

=================================================
RANKING IMAGE 0
=================================================

Candidate 0 | Score: 732270 | Reason: Original | Bytes: 732270
Candidate 1 | Score: 97952 | Reason: Resized | Bytes: 147952
Candidate 2 | Score: 26901 | Reason: Resized | Bytes: 76901
Candidate 3 | Score: 9768 | Reason: Resized, Sharpened | Bytes: 69768
Candidate 4 | Score: -8472 | Reason: Resized | Bytes: 41528
Candidate 5 | Score: -27688 | Reason: Resized | Bytes: 22312
Candidate 6 | Score: -35567 | Reason: Resized | Bytes: 14433
Candidate 7 | Score: -36945 | Reason: Cropped, Resized | Bytes: 113055
Candidate 8 | Score: -90826 | Reason: Cropped, Resized, Sharpened | Bytes: 69174
Candidate 9 | Score: -105731 | Reason: Cropped, Resized, Sharpened | Bytes: 54269
Candidate 10 | Score: -117112 | Reason: Cropped, Resized | Bytes: 32888
Candidate 11 | Score: -132040 | Reason: Cropped, Resized | Bytes: 17960
Candidate 12 | Score: -138175 | Reason: Cropped, Resized | Bytes: 11825
Candidate 13 | Score: -343573 | Reason: Cropped, Resized | Bytes: 6427

=================================================
Selected Candidate
Original URL: https://instagram.ftir1-2.fna.fbcdn.net/v/t51.82787-15/731105082_18610798147040236_4554968100807258640_n.jpg?stp=dst-jpegr_e35_tt6&_nc_cat=1&ig_cache_key=MzkzMTY4ODAwOTg1ODQ5OTA1OQ%3D%3D.3-ccb7-5&ccb=7-5&_nc_sid=58cdad&efg=eyJ2ZW5jb2RlX3RhZyI6IkNBUk9VU0VMX0lURU0ueHBpZHMuMjgwMy5oZHIucmVndWxhcl9waG90by5DMyJ9&_nc_ohc=beXCikQYfrMQ7kNvwEaKhPj&_nc_oc=Adr8XnDm_5_rP94tu4d2Gds4TgPLAlpLAQnSxh52Jxwr_abMGSjiKEhMkIugG9pCmyTh1UBtQLZIZE9BuHSDqr3r&_nc_zt=23&se=-1&_nc_ht=instagram.ftir1-2.fna&_nc_gid=r9chAe_Qh3-1VmS7-my95A&_nc_ss=7f689&oh=00_AQDr_WEOxEZCD0WmCmtfiZ-OIZm7kMPgPS8XkJjfzS1B6w&oe=6A4D3D4D
Final URL: https://instagram.ftir1-2.fna.fbcdn.net/v/t51.82787-15/731105082_18610798147040236_4554968100807258640_n.jpg?stp=dst-jpegr_e35_tt6&_nc_cat=1&ig_cache_key=MzkzMTY4ODAwOTg1ODQ5OTA1OQ%3D%3D.3-ccb7-5&ccb=7-5&_nc_sid=58cdad&efg=eyJ2ZW5jb2RlX3RhZyI6IkNBUk9VU0VMX0lURU0ueHBpZHMuMjgwMy5oZHIucmVndWxhcl9waG90by5DMyJ9&_nc_ohc=beXCikQYfrMQ7kNvwEaKhPj&_nc_oc=Adr8XnDm_5_rP94tu4d2Gds4TgPLAlpLAQnSxh52Jxwr_abMGSjiKEhMkIugG9pCmyTh1UBtQLZIZE9BuHSDqr3r&_nc_zt=23&se=-1&_nc_ht=instagram.ftir1-2.fna&_nc_gid=r9chAe_Qh3-1VmS7-my95A&_nc_ss=7f689&oh=00_AQDr_WEOxEZCD0WmCmtfiZ-OIZm7kMPgPS8XkJjfzS1B6w&oe=6A4D3D4D
Resolution: 0x0
Content-Length: 732270
Score: 732270
Reason Selected: Original (Highest Score)
=================================================



========================================================
ANALYZING IMAGE 1
========================================================

Found 14 candidates for image 1.

----------------------------------------
Candidate 0
URL: https://instagram.ftir1-2.fna.fbcdn.net/v/t51.82787-15/731105082_18610798147040236_4554968100807258640_n.jpg?stp=dst-jpegr_e35_tt6&_nc_cat=1&ig_cache_key=MzkzMTY4ODAwOTg1ODQ5OTA1OQ%3D%3D.3-ccb7-5&ccb=7-5&_nc_sid=58cdad&efg=eyJ2ZW5jb2RlX3RhZyI6IkNBUk9VU0VMX0lURU0ueHBpZHMuMjgwMy5oZHIucmVndWxhcl9waG90by5DMyJ9&_nc_ohc=beXCikQYfrMQ7kNvwEaKhPj&_nc_oc=Adr8XnDm_5_rP94tu4d2Gds4TgPLAlpLAQnSxh52Jxwr_abMGSjiKEhMkIugG9pCmyTh1UBtQLZIZE9BuHSDqr3r&_nc_zt=23&se=-1&_nc_ht=instagram.ftir1-2.fna&_nc_gid=r9chAe_Qh3-1VmS7-my95A&_nc_ss=7f689&oh=00_AQDr_WEOxEZCD0WmCmtfiZ-OIZm7kMPgPS8XkJjfzS1B6w&oe=6A4D3D4D
Width: MISSING
Height: MISSING
Estimated Resolution: 0x0
File Extension: UNKNOWN
Contains Crop Parameters: NO
Contains Resize Parameters: NO
Contains JPEG Recompression: YES
Contains WebP: NO
Contains AVIF: NO
URL Length: 589
HTTP Status: 200
Content-Type: image/jpeg
Content-Length: 732270
Downloaded Bytes: 732270
Redirect Count: 0
Final URL: https://instagram.ftir1-2.fna.fbcdn.net/v/t51.82787-15/731105082_18610798147040236_4554968100807258640_n.jpg?stp=dst-jpegr_e35_tt6&_nc_cat=1&ig_cache_key=MzkzMTY4ODAwOTg1ODQ5OTA1OQ%3D%3D.3-ccb7-5&ccb=7-5&_nc_sid=58cdad&efg=eyJ2ZW5jb2RlX3RhZyI6IkNBUk9VU0VMX0lURU0ueHBpZHMuMjgwMy5oZHIucmVndWxhcl9waG90by5DMyJ9&_nc_ohc=beXCikQYfrMQ7kNvwEaKhPj&_nc_oc=Adr8XnDm_5_rP94tu4d2Gds4TgPLAlpLAQnSxh52Jxwr_abMGSjiKEhMkIugG9pCmyTh1UBtQLZIZE9BuHSDqr3r&_nc_zt=23&se=-1&_nc_ht=instagram.ftir1-2.fna&_nc_gid=r9chAe_Qh3-1VmS7-my95A&_nc_ss=7f689&oh=00_AQDr_WEOxEZCD0WmCmtfiZ-OIZm7kMPgPS8XkJjfzS1B6w&oe=6A4D3D4D
----------------------------------------
Candidate 1
URL: https://instagram.ftir1-2.fna.fbcdn.net/v/t51.82787-15/731105082_18610798147040236_4554968100807258640_n.jpg?stp=dst-jpegr_e35_p1080x1080_tt6&_nc_cat=1&ig_cache_key=MzkzMTY4ODAwOTg1ODQ5OTA1OQ%3D%3D.3-ccb7-5&ccb=7-5&_nc_sid=58cdad&efg=eyJ2ZW5jb2RlX3RhZyI6IkNBUk9VU0VMX0lURU0ueHBpZHMuMjgwMy5oZHIucmVndWxhcl9waG90by5DMyJ9&_nc_ohc=beXCikQYfrMQ7kNvwEaKhPj&_nc_oc=Adr8XnDm_5_rP94tu4d2Gds4TgPLAlpLAQnSxh52Jxwr_abMGSjiKEhMkIugG9pCmyTh1UBtQLZIZE9BuHSDqr3r&_nc_zt=23&se=-1&_nc_ht=instagram.ftir1-2.fna&_nc_gid=r9chAe_Qh3-1VmS7-my95A&_nc_ss=7f689&oh=00_AQCzTT0XOhuLDER0lCZcD8qtT7FHVyGVe1vY18FWK81IxQ&oe=6A4D3D4D
Width: MISSING
Height: MISSING
Estimated Resolution: 1080x1080
File Extension: UNKNOWN
Contains Crop Parameters: NO
Contains Resize Parameters: YES
Contains JPEG Recompression: YES
Contains WebP: NO
Contains AVIF: NO
URL Length: 600
HTTP Status: 200
Content-Type: image/jpeg
Content-Length: 147952
Downloaded Bytes: 147952
Redirect Count: 0
Final URL: https://instagram.ftir1-2.fna.fbcdn.net/v/t51.82787-15/731105082_18610798147040236_4554968100807258640_n.jpg?stp=dst-jpegr_e35_p1080x1080_tt6&_nc_cat=1&ig_cache_key=MzkzMTY4ODAwOTg1ODQ5OTA1OQ%3D%3D.3-ccb7-5&ccb=7-5&_nc_sid=58cdad&efg=eyJ2ZW5jb2RlX3RhZyI6IkNBUk9VU0VMX0lURU0ueHBpZHMuMjgwMy5oZHIucmVndWxhcl9waG90by5DMyJ9&_nc_ohc=beXCikQYfrMQ7kNvwEaKhPj&_nc_oc=Adr8XnDm_5_rP94tu4d2Gds4TgPLAlpLAQnSxh52Jxwr_abMGSjiKEhMkIugG9pCmyTh1UBtQLZIZE9BuHSDqr3r&_nc_zt=23&se=-1&_nc_ht=instagram.ftir1-2.fna&_nc_gid=r9chAe_Qh3-1VmS7-my95A&_nc_ss=7f689&oh=00_AQCzTT0XOhuLDER0lCZcD8qtT7FHVyGVe1vY18FWK81IxQ&oe=6A4D3D4D
----------------------------------------
Candidate 2
URL: https://instagram.ftir1-2.fna.fbcdn.net/v/t51.82787-15/731105082_18610798147040236_4554968100807258640_n.jpg?stp=dst-jpegr_e35_p720x720_tt6&_nc_cat=1&ig_cache_key=MzkzMTY4ODAwOTg1ODQ5OTA1OQ%3D%3D.3-ccb7-5&ccb=7-5&_nc_sid=58cdad&efg=eyJ2ZW5jb2RlX3RhZyI6IkNBUk9VU0VMX0lURU0ueHBpZHMuMjgwMy5oZHIucmVndWxhcl9waG90by5DMyJ9&_nc_ohc=beXCikQYfrMQ7kNvwEaKhPj&_nc_oc=Adr8XnDm_5_rP94tu4d2Gds4TgPLAlpLAQnSxh52Jxwr_abMGSjiKEhMkIugG9pCmyTh1UBtQLZIZE9BuHSDqr3r&_nc_zt=23&se=-1&_nc_ht=instagram.ftir1-2.fna&_nc_gid=r9chAe_Qh3-1VmS7-my95A&_nc_ss=7f689&oh=00_AQAlVZbGo2WZB1TZOdXxImwbgJkXQj559oGS83QR368tIg&oe=6A4D3D4D
Width: MISSING
Height: MISSING
Estimated Resolution: 720x720
File Extension: UNKNOWN
Contains Crop Parameters: NO
Contains Resize Parameters: YES
Contains JPEG Recompression: YES
Contains WebP: NO
Contains AVIF: NO
URL Length: 598
HTTP Status: 200
Content-Type: image/jpeg
Content-Length: 76901
Downloaded Bytes: 76901
Redirect Count: 0
Final URL: https://instagram.ftir1-2.fna.fbcdn.net/v/t51.82787-15/731105082_18610798147040236_4554968100807258640_n.jpg?stp=dst-jpegr_e35_p720x720_tt6&_nc_cat=1&ig_cache_key=MzkzMTY4ODAwOTg1ODQ5OTA1OQ%3D%3D.3-ccb7-5&ccb=7-5&_nc_sid=58cdad&efg=eyJ2ZW5jb2RlX3RhZyI6IkNBUk9VU0VMX0lURU0ueHBpZHMuMjgwMy5oZHIucmVndWxhcl9waG90by5DMyJ9&_nc_ohc=beXCikQYfrMQ7kNvwEaKhPj&_nc_oc=Adr8XnDm_5_rP94tu4d2Gds4TgPLAlpLAQnSxh52Jxwr_abMGSjiKEhMkIugG9pCmyTh1UBtQLZIZE9BuHSDqr3r&_nc_zt=23&se=-1&_nc_ht=instagram.ftir1-2.fna&_nc_gid=r9chAe_Qh3-1VmS7-my95A&_nc_ss=7f689&oh=00_AQAlVZbGo2WZB1TZOdXxImwbgJkXQj559oGS83QR368tIg&oe=6A4D3D4D
----------------------------------------
Candidate 3
URL: https://instagram.ftir1-2.fna.fbcdn.net/v/t51.82787-15/731105082_18610798147040236_4554968100807258640_n.jpg?stp=dst-jpegr_e35_p640x640_sh2.08_tt6&_nc_cat=1&ig_cache_key=MzkzMTY4ODAwOTg1ODQ5OTA1OQ%3D%3D.3-ccb7-5&ccb=7-5&_nc_sid=58cdad&efg=eyJ2ZW5jb2RlX3RhZyI6IkNBUk9VU0VMX0lURU0ueHBpZHMuMjgwMy5oZHIucmVndWxhcl9waG90by5DMyJ9&_nc_ohc=beXCikQYfrMQ7kNvwEaKhPj&_nc_oc=Adr8XnDm_5_rP94tu4d2Gds4TgPLAlpLAQnSxh52Jxwr_abMGSjiKEhMkIugG9pCmyTh1UBtQLZIZE9BuHSDqr3r&_nc_zt=23&se=-1&_nc_ht=instagram.ftir1-2.fna&_nc_gid=r9chAe_Qh3-1VmS7-my95A&_nc_ss=7f689&oh=00_AQDTPqSpY867AFG0FkBwowdH9HYvGOjgq5hdhx7XVSoFlg&oe=6A4D3D4D
Width: MISSING
Height: MISSING
Estimated Resolution: 640x640
File Extension: UNKNOWN
Contains Crop Parameters: NO
Contains Resize Parameters: YES
Contains JPEG Recompression: YES
Contains WebP: NO
Contains AVIF: NO
URL Length: 605
HTTP Status: 200
Content-Type: image/jpeg
Content-Length: 69768
Downloaded Bytes: 69768
Redirect Count: 0
Final URL: https://instagram.ftir1-2.fna.fbcdn.net/v/t51.82787-15/731105082_18610798147040236_4554968100807258640_n.jpg?stp=dst-jpegr_e35_p640x640_sh2.08_tt6&_nc_cat=1&ig_cache_key=MzkzMTY4ODAwOTg1ODQ5OTA1OQ%3D%3D.3-ccb7-5&ccb=7-5&_nc_sid=58cdad&efg=eyJ2ZW5jb2RlX3RhZyI6IkNBUk9VU0VMX0lURU0ueHBpZHMuMjgwMy5oZHIucmVndWxhcl9waG90by5DMyJ9&_nc_ohc=beXCikQYfrMQ7kNvwEaKhPj&_nc_oc=Adr8XnDm_5_rP94tu4d2Gds4TgPLAlpLAQnSxh52Jxwr_abMGSjiKEhMkIugG9pCmyTh1UBtQLZIZE9BuHSDqr3r&_nc_zt=23&se=-1&_nc_ht=instagram.ftir1-2.fna&_nc_gid=r9chAe_Qh3-1VmS7-my95A&_nc_ss=7f689&oh=00_AQDTPqSpY867AFG0FkBwowdH9HYvGOjgq5hdhx7XVSoFlg&oe=6A4D3D4D
----------------------------------------
Candidate 4
URL: https://instagram.ftir1-2.fna.fbcdn.net/v/t51.82787-15/731105082_18610798147040236_4554968100807258640_n.jpg?stp=dst-jpegr_e35_s640x640_tt6&_nc_cat=1&ig_cache_key=MzkzMTY4ODAwOTg1ODQ5OTA1OQ%3D%3D.3-ccb7-5&ccb=7-5&_nc_sid=58cdad&efg=eyJ2ZW5jb2RlX3RhZyI6IkNBUk9VU0VMX0lURU0ueHBpZHMuMjgwMy5oZHIucmVndWxhcl9waG90by5DMyJ9&_nc_ohc=beXCikQYfrMQ7kNvwEaKhPj&_nc_oc=Adr8XnDm_5_rP94tu4d2Gds4TgPLAlpLAQnSxh52Jxwr_abMGSjiKEhMkIugG9pCmyTh1UBtQLZIZE9BuHSDqr3r&_nc_zt=23&se=-1&_nc_ht=instagram.ftir1-2.fna&_nc_gid=r9chAe_Qh3-1VmS7-my95A&_nc_ss=7f689&oh=00_AQDiWYl51tk_pacb65sLhw2ZGYBKUjMmLdeUW8fcFsFsog&oe=6A4D3D4D
Width: MISSING
Height: MISSING
Estimated Resolution: 640x640
File Extension: UNKNOWN
Contains Crop Parameters: NO
Contains Resize Parameters: YES
Contains JPEG Recompression: YES
Contains WebP: NO
Contains AVIF: NO
URL Length: 598
HTTP Status: 200
Content-Type: image/jpeg
Content-Length: 41528
Downloaded Bytes: 41528
Redirect Count: 0
Final URL: https://instagram.ftir1-2.fna.fbcdn.net/v/t51.82787-15/731105082_18610798147040236_4554968100807258640_n.jpg?stp=dst-jpegr_e35_s640x640_tt6&_nc_cat=1&ig_cache_key=MzkzMTY4ODAwOTg1ODQ5OTA1OQ%3D%3D.3-ccb7-5&ccb=7-5&_nc_sid=58cdad&efg=eyJ2ZW5jb2RlX3RhZyI6IkNBUk9VU0VMX0lURU0ueHBpZHMuMjgwMy5oZHIucmVndWxhcl9waG90by5DMyJ9&_nc_ohc=beXCikQYfrMQ7kNvwEaKhPj&_nc_oc=Adr8XnDm_5_rP94tu4d2Gds4TgPLAlpLAQnSxh52Jxwr_abMGSjiKEhMkIugG9pCmyTh1UBtQLZIZE9BuHSDqr3r&_nc_zt=23&se=-1&_nc_ht=instagram.ftir1-2.fna&_nc_gid=r9chAe_Qh3-1VmS7-my95A&_nc_ss=7f689&oh=00_AQDiWYl51tk_pacb65sLhw2ZGYBKUjMmLdeUW8fcFsFsog&oe=6A4D3D4D
----------------------------------------
Candidate 5
URL: https://instagram.ftir1-2.fna.fbcdn.net/v/t51.82787-15/731105082_18610798147040236_4554968100807258640_n.jpg?stp=dst-jpegr_e35_p320x320_tt6&_nc_cat=1&ig_cache_key=MzkzMTY4ODAwOTg1ODQ5OTA1OQ%3D%3D.3-ccb7-5&ccb=7-5&_nc_sid=58cdad&efg=eyJ2ZW5jb2RlX3RhZyI6IkNBUk9VU0VMX0lURU0ueHBpZHMuMjgwMy5oZHIucmVndWxhcl9waG90by5DMyJ9&_nc_ohc=beXCikQYfrMQ7kNvwEaKhPj&_nc_oc=Adr8XnDm_5_rP94tu4d2Gds4TgPLAlpLAQnSxh52Jxwr_abMGSjiKEhMkIugG9pCmyTh1UBtQLZIZE9BuHSDqr3r&_nc_zt=23&se=-1&_nc_ht=instagram.ftir1-2.fna&_nc_gid=r9chAe_Qh3-1VmS7-my95A&_nc_ss=7f689&oh=00_AQDHny_eW4UwYK-0YosVSob3d0W0LNQAC_URGSvpt9lsaw&oe=6A4D3D4D
Width: MISSING
Height: MISSING
Estimated Resolution: 320x320
File Extension: UNKNOWN
Contains Crop Parameters: NO
Contains Resize Parameters: YES
Contains JPEG Recompression: YES
Contains WebP: NO
Contains AVIF: NO
URL Length: 598
HTTP Status: 200
Content-Type: image/jpeg
Content-Length: 22312
Downloaded Bytes: 22312
Redirect Count: 0
Final URL: https://instagram.ftir1-2.fna.fbcdn.net/v/t51.82787-15/731105082_18610798147040236_4554968100807258640_n.jpg?stp=dst-jpegr_e35_p320x320_tt6&_nc_cat=1&ig_cache_key=MzkzMTY4ODAwOTg1ODQ5OTA1OQ%3D%3D.3-ccb7-5&ccb=7-5&_nc_sid=58cdad&efg=eyJ2ZW5jb2RlX3RhZyI6IkNBUk9VU0VMX0lURU0ueHBpZHMuMjgwMy5oZHIucmVndWxhcl9waG90by5DMyJ9&_nc_ohc=beXCikQYfrMQ7kNvwEaKhPj&_nc_oc=Adr8XnDm_5_rP94tu4d2Gds4TgPLAlpLAQnSxh52Jxwr_abMGSjiKEhMkIugG9pCmyTh1UBtQLZIZE9BuHSDqr3r&_nc_zt=23&se=-1&_nc_ht=instagram.ftir1-2.fna&_nc_gid=r9chAe_Qh3-1VmS7-my95A&_nc_ss=7f689&oh=00_AQDHny_eW4UwYK-0YosVSob3d0W0LNQAC_URGSvpt9lsaw&oe=6A4D3D4D
----------------------------------------
Candidate 6
URL: https://instagram.ftir1-2.fna.fbcdn.net/v/t51.82787-15/731105082_18610798147040236_4554968100807258640_n.jpg?stp=dst-jpegr_e35_s320x320_tt6&_nc_cat=1&ig_cache_key=MzkzMTY4ODAwOTg1ODQ5OTA1OQ%3D%3D.3-ccb7-5&ccb=7-5&_nc_sid=58cdad&efg=eyJ2ZW5jb2RlX3RhZyI6IkNBUk9VU0VMX0lURU0ueHBpZHMuMjgwMy5oZHIucmVndWxhcl9waG90by5DMyJ9&_nc_ohc=beXCikQYfrMQ7kNvwEaKhPj&_nc_oc=Adr8XnDm_5_rP94tu4d2Gds4TgPLAlpLAQnSxh52Jxwr_abMGSjiKEhMkIugG9pCmyTh1UBtQLZIZE9BuHSDqr3r&_nc_zt=23&se=-1&_nc_ht=instagram.ftir1-2.fna&_nc_gid=r9chAe_Qh3-1VmS7-my95A&_nc_ss=7f689&oh=00_AQAocyvf2ONrjI_zvpua2JJTx3fjX1PRkqeLAW64hiGLjg&oe=6A4D3D4D
Width: MISSING
Height: MISSING
Estimated Resolution: 320x320
File Extension: UNKNOWN
Contains Crop Parameters: NO
Contains Resize Parameters: YES
Contains JPEG Recompression: YES
Contains WebP: NO
Contains AVIF: NO
URL Length: 598
HTTP Status: 200
Content-Type: image/jpeg
Content-Length: 14433
Downloaded Bytes: 14433
Redirect Count: 0
Final URL: https://instagram.ftir1-2.fna.fbcdn.net/v/t51.82787-15/731105082_18610798147040236_4554968100807258640_n.jpg?stp=dst-jpegr_e35_s320x320_tt6&_nc_cat=1&ig_cache_key=MzkzMTY4ODAwOTg1ODQ5OTA1OQ%3D%3D.3-ccb7-5&ccb=7-5&_nc_sid=58cdad&efg=eyJ2ZW5jb2RlX3RhZyI6IkNBUk9VU0VMX0lURU0ueHBpZHMuMjgwMy5oZHIucmVndWxhcl9waG90by5DMyJ9&_nc_ohc=beXCikQYfrMQ7kNvwEaKhPj&_nc_oc=Adr8XnDm_5_rP94tu4d2Gds4TgPLAlpLAQnSxh52Jxwr_abMGSjiKEhMkIugG9pCmyTh1UBtQLZIZE9BuHSDqr3r&_nc_zt=23&se=-1&_nc_ht=instagram.ftir1-2.fna&_nc_gid=r9chAe_Qh3-1VmS7-my95A&_nc_ss=7f689&oh=00_AQAocyvf2ONrjI_zvpua2JJTx3fjX1PRkqeLAW64hiGLjg&oe=6A4D3D4D
----------------------------------------
Candidate 7
URL: https://instagram.ftir1-2.fna.fbcdn.net/v/t51.82787-15/731105082_18610798147040236_4554968100807258640_n.jpg?stp=c0.467.2803.2803a_dst-jpegr_e35_s1080x1080_tt6&_nc_cat=1&ig_cache_key=MzkzMTY4ODAwOTg1ODQ5OTA1OQ%3D%3D.3-ccb7-5&ccb=7-5&_nc_sid=58cdad&efg=eyJ2ZW5jb2RlX3RhZyI6IkNBUk9VU0VMX0lURU0ueHBpZHMuMjgwMy5oZHIucmVndWxhcl9waG90by5DMyJ9&_nc_ohc=beXCikQYfrMQ7kNvwEaKhPj&_nc_oc=Adr8XnDm_5_rP94tu4d2Gds4TgPLAlpLAQnSxh52Jxwr_abMGSjiKEhMkIugG9pCmyTh1UBtQLZIZE9BuHSDqr3r&_nc_zt=23&se=-1&_nc_ht=instagram.ftir1-2.fna&_nc_gid=r9chAe_Qh3-1VmS7-my95A&_nc_ss=7f689&oh=00_AQDq3VH_12RIQGVdMmtvBladHQtfsf36OAgHd29vFIo2dw&oe=6A4D3D4D
Width: MISSING
Height: MISSING
Estimated Resolution: 1080x1080
File Extension: UNKNOWN
Contains Crop Parameters: YES
Contains Resize Parameters: YES
Contains JPEG Recompression: YES
Contains WebP: NO
Contains AVIF: NO
URL Length: 618
HTTP Status: 200
Content-Type: image/jpeg
Content-Length: 113055
Downloaded Bytes: 113055
Redirect Count: 0
Final URL: https://instagram.ftir1-2.fna.fbcdn.net/v/t51.82787-15/731105082_18610798147040236_4554968100807258640_n.jpg?stp=c0.467.2803.2803a_dst-jpegr_e35_s1080x1080_tt6&_nc_cat=1&ig_cache_key=MzkzMTY4ODAwOTg1ODQ5OTA1OQ%3D%3D.3-ccb7-5&ccb=7-5&_nc_sid=58cdad&efg=eyJ2ZW5jb2RlX3RhZyI6IkNBUk9VU0VMX0lURU0ueHBpZHMuMjgwMy5oZHIucmVndWxhcl9waG90by5DMyJ9&_nc_ohc=beXCikQYfrMQ7kNvwEaKhPj&_nc_oc=Adr8XnDm_5_rP94tu4d2Gds4TgPLAlpLAQnSxh52Jxwr_abMGSjiKEhMkIugG9pCmyTh1UBtQLZIZE9BuHSDqr3r&_nc_zt=23&se=-1&_nc_ht=instagram.ftir1-2.fna&_nc_gid=r9chAe_Qh3-1VmS7-my95A&_nc_ss=7f689&oh=00_AQDq3VH_12RIQGVdMmtvBladHQtfsf36OAgHd29vFIo2dw&oe=6A4D3D4D
----------------------------------------
Candidate 8
URL: https://instagram.ftir1-2.fna.fbcdn.net/v/t51.82787-15/731105082_18610798147040236_4554968100807258640_n.jpg?stp=c0.467.2803.2803a_dst-jpegr_e35_s750x750_sh2.08_tt6&_nc_cat=1&ig_cache_key=MzkzMTY4ODAwOTg1ODQ5OTA1OQ%3D%3D.3-ccb7-5&ccb=7-5&_nc_sid=58cdad&efg=eyJ2ZW5jb2RlX3RhZyI6IkNBUk9VU0VMX0lURU0ueHBpZHMuMjgwMy5oZHIucmVndWxhcl9waG90by5DMyJ9&_nc_ohc=beXCikQYfrMQ7kNvwEaKhPj&_nc_oc=Adr8XnDm_5_rP94tu4d2Gds4TgPLAlpLAQnSxh52Jxwr_abMGSjiKEhMkIugG9pCmyTh1UBtQLZIZE9BuHSDqr3r&_nc_zt=23&se=-1&_nc_ht=instagram.ftir1-2.fna&_nc_gid=r9chAe_Qh3-1VmS7-my95A&_nc_ss=7f689&oh=00_AQAhdB5-azklw7YsvksC9e9qgENrwtOeAXYkFhAe-3I5WA&oe=6A4D3D4D
Width: MISSING
Height: MISSING
Estimated Resolution: 750x750
File Extension: UNKNOWN
Contains Crop Parameters: YES
Contains Resize Parameters: YES
Contains JPEG Recompression: YES
Contains WebP: NO
Contains AVIF: NO
URL Length: 623
HTTP Status: 200
Content-Type: image/jpeg
Content-Length: 69174
Downloaded Bytes: 69174
Redirect Count: 0
Final URL: https://instagram.ftir1-2.fna.fbcdn.net/v/t51.82787-15/731105082_18610798147040236_4554968100807258640_n.jpg?stp=c0.467.2803.2803a_dst-jpegr_e35_s750x750_sh2.08_tt6&_nc_cat=1&ig_cache_key=MzkzMTY4ODAwOTg1ODQ5OTA1OQ%3D%3D.3-ccb7-5&ccb=7-5&_nc_sid=58cdad&efg=eyJ2ZW5jb2RlX3RhZyI6IkNBUk9VU0VMX0lURU0ueHBpZHMuMjgwMy5oZHIucmVndWxhcl9waG90by5DMyJ9&_nc_ohc=beXCikQYfrMQ7kNvwEaKhPj&_nc_oc=Adr8XnDm_5_rP94tu4d2Gds4TgPLAlpLAQnSxh52Jxwr_abMGSjiKEhMkIugG9pCmyTh1UBtQLZIZE9BuHSDqr3r&_nc_zt=23&se=-1&_nc_ht=instagram.ftir1-2.fna&_nc_gid=r9chAe_Qh3-1VmS7-my95A&_nc_ss=7f689&oh=00_AQAhdB5-azklw7YsvksC9e9qgENrwtOeAXYkFhAe-3I5WA&oe=6A4D3D4D
----------------------------------------
Candidate 9
URL: https://instagram.ftir1-2.fna.fbcdn.net/v/t51.82787-15/731105082_18610798147040236_4554968100807258640_n.jpg?stp=c0.467.2803.2803a_dst-jpegr_e35_s640x640_sh2.08_tt6&_nc_cat=1&ig_cache_key=MzkzMTY4ODAwOTg1ODQ5OTA1OQ%3D%3D.3-ccb7-5&ccb=7-5&_nc_sid=58cdad&efg=eyJ2ZW5jb2RlX3RhZyI6IkNBUk9VU0VMX0lURU0ueHBpZHMuMjgwMy5oZHIucmVndWxhcl9waG90by5DMyJ9&_nc_ohc=beXCikQYfrMQ7kNvwEaKhPj&_nc_oc=Adr8XnDm_5_rP94tu4d2Gds4TgPLAlpLAQnSxh52Jxwr_abMGSjiKEhMkIugG9pCmyTh1UBtQLZIZE9BuHSDqr3r&_nc_zt=23&se=-1&_nc_ht=instagram.ftir1-2.fna&_nc_gid=r9chAe_Qh3-1VmS7-my95A&_nc_ss=7f689&oh=00_AQAJbBn6qzkZY-clVq14wLUkCSIi2F1Sf5UwaP1mMt7MSA&oe=6A4D3D4D
Width: MISSING
Height: MISSING
Estimated Resolution: 640x640
File Extension: UNKNOWN
Contains Crop Parameters: YES
Contains Resize Parameters: YES
Contains JPEG Recompression: YES
Contains WebP: NO
Contains AVIF: NO
URL Length: 623
HTTP Status: 200
Content-Type: image/jpeg
Content-Length: 54269
Downloaded Bytes: 54269
Redirect Count: 0
Final URL: https://instagram.ftir1-2.fna.fbcdn.net/v/t51.82787-15/731105082_18610798147040236_4554968100807258640_n.jpg?stp=c0.467.2803.2803a_dst-jpegr_e35_s640x640_sh2.08_tt6&_nc_cat=1&ig_cache_key=MzkzMTY4ODAwOTg1ODQ5OTA1OQ%3D%3D.3-ccb7-5&ccb=7-5&_nc_sid=58cdad&efg=eyJ2ZW5jb2RlX3RhZyI6IkNBUk9VU0VMX0lURU0ueHBpZHMuMjgwMy5oZHIucmVndWxhcl9waG90by5DMyJ9&_nc_ohc=beXCikQYfrMQ7kNvwEaKhPj&_nc_oc=Adr8XnDm_5_rP94tu4d2Gds4TgPLAlpLAQnSxh52Jxwr_abMGSjiKEhMkIugG9pCmyTh1UBtQLZIZE9BuHSDqr3r&_nc_zt=23&se=-1&_nc_ht=instagram.ftir1-2.fna&_nc_gid=r9chAe_Qh3-1VmS7-my95A&_nc_ss=7f689&oh=00_AQAJbBn6qzkZY-clVq14wLUkCSIi2F1Sf5UwaP1mMt7MSA&oe=6A4D3D4D
----------------------------------------
Candidate 10
URL: https://instagram.ftir1-2.fna.fbcdn.net/v/t51.82787-15/731105082_18610798147040236_4554968100807258640_n.jpg?stp=c0.467.2803.2803a_dst-jpegr_e35_s480x480_tt6&_nc_cat=1&ig_cache_key=MzkzMTY4ODAwOTg1ODQ5OTA1OQ%3D%3D.3-ccb7-5&ccb=7-5&_nc_sid=58cdad&efg=eyJ2ZW5jb2RlX3RhZyI6IkNBUk9VU0VMX0lURU0ueHBpZHMuMjgwMy5oZHIucmVndWxhcl9waG90by5DMyJ9&_nc_ohc=beXCikQYfrMQ7kNvwEaKhPj&_nc_oc=Adr8XnDm_5_rP94tu4d2Gds4TgPLAlpLAQnSxh52Jxwr_abMGSjiKEhMkIugG9pCmyTh1UBtQLZIZE9BuHSDqr3r&_nc_zt=23&se=-1&_nc_ht=instagram.ftir1-2.fna&_nc_gid=r9chAe_Qh3-1VmS7-my95A&_nc_ss=7f689&oh=00_AQDMTG4cZkfeAgEHYFhVkGvNG9qv9q2BUtaJ2wdhXy2aNQ&oe=6A4D3D4D
Width: MISSING
Height: MISSING
Estimated Resolution: 480x480
File Extension: UNKNOWN
Contains Crop Parameters: YES
Contains Resize Parameters: YES
Contains JPEG Recompression: YES
Contains WebP: NO
Contains AVIF: NO
URL Length: 616
HTTP Status: 200
Content-Type: image/jpeg
Content-Length: 32888
Downloaded Bytes: 32888
Redirect Count: 0
Final URL: https://instagram.ftir1-2.fna.fbcdn.net/v/t51.82787-15/731105082_18610798147040236_4554968100807258640_n.jpg?stp=c0.467.2803.2803a_dst-jpegr_e35_s480x480_tt6&_nc_cat=1&ig_cache_key=MzkzMTY4ODAwOTg1ODQ5OTA1OQ%3D%3D.3-ccb7-5&ccb=7-5&_nc_sid=58cdad&efg=eyJ2ZW5jb2RlX3RhZyI6IkNBUk9VU0VMX0lURU0ueHBpZHMuMjgwMy5oZHIucmVndWxhcl9waG90by5DMyJ9&_nc_ohc=beXCikQYfrMQ7kNvwEaKhPj&_nc_oc=Adr8XnDm_5_rP94tu4d2Gds4TgPLAlpLAQnSxh52Jxwr_abMGSjiKEhMkIugG9pCmyTh1UBtQLZIZE9BuHSDqr3r&_nc_zt=23&se=-1&_nc_ht=instagram.ftir1-2.fna&_nc_gid=r9chAe_Qh3-1VmS7-my95A&_nc_ss=7f689&oh=00_AQDMTG4cZkfeAgEHYFhVkGvNG9qv9q2BUtaJ2wdhXy2aNQ&oe=6A4D3D4D
----------------------------------------
Candidate 11
URL: https://instagram.ftir1-2.fna.fbcdn.net/v/t51.82787-15/731105082_18610798147040236_4554968100807258640_n.jpg?stp=c0.467.2803.2803a_dst-jpegr_e35_s320x320_tt6&_nc_cat=1&ig_cache_key=MzkzMTY4ODAwOTg1ODQ5OTA1OQ%3D%3D.3-ccb7-5&ccb=7-5&_nc_sid=58cdad&efg=eyJ2ZW5jb2RlX3RhZyI6IkNBUk9VU0VMX0lURU0ueHBpZHMuMjgwMy5oZHIucmVndWxhcl9waG90by5DMyJ9&_nc_ohc=beXCikQYfrMQ7kNvwEaKhPj&_nc_oc=Adr8XnDm_5_rP94tu4d2Gds4TgPLAlpLAQnSxh52Jxwr_abMGSjiKEhMkIugG9pCmyTh1UBtQLZIZE9BuHSDqr3r&_nc_zt=23&se=-1&_nc_ht=instagram.ftir1-2.fna&_nc_gid=r9chAe_Qh3-1VmS7-my95A&_nc_ss=7f689&oh=00_AQAmIdw4SPCOZRqsxxlGz9vDcmFd_dYUeVebRzhLjtZ4uw&oe=6A4D3D4D
Width: MISSING
Height: MISSING
Estimated Resolution: 320x320
File Extension: UNKNOWN
Contains Crop Parameters: YES
Contains Resize Parameters: YES
Contains JPEG Recompression: YES
Contains WebP: NO
Contains AVIF: NO
URL Length: 616
HTTP Status: 200
Content-Type: image/jpeg
Content-Length: 17960
Downloaded Bytes: 17960
Redirect Count: 0
Final URL: https://instagram.ftir1-2.fna.fbcdn.net/v/t51.82787-15/731105082_18610798147040236_4554968100807258640_n.jpg?stp=c0.467.2803.2803a_dst-jpegr_e35_s320x320_tt6&_nc_cat=1&ig_cache_key=MzkzMTY4ODAwOTg1ODQ5OTA1OQ%3D%3D.3-ccb7-5&ccb=7-5&_nc_sid=58cdad&efg=eyJ2ZW5jb2RlX3RhZyI6IkNBUk9VU0VMX0lURU0ueHBpZHMuMjgwMy5oZHIucmVndWxhcl9waG90by5DMyJ9&_nc_ohc=beXCikQYfrMQ7kNvwEaKhPj&_nc_oc=Adr8XnDm_5_rP94tu4d2Gds4TgPLAlpLAQnSxh52Jxwr_abMGSjiKEhMkIugG9pCmyTh1UBtQLZIZE9BuHSDqr3r&_nc_zt=23&se=-1&_nc_ht=instagram.ftir1-2.fna&_nc_gid=r9chAe_Qh3-1VmS7-my95A&_nc_ss=7f689&oh=00_AQAmIdw4SPCOZRqsxxlGz9vDcmFd_dYUeVebRzhLjtZ4uw&oe=6A4D3D4D
----------------------------------------
Candidate 12
URL: https://instagram.ftir1-2.fna.fbcdn.net/v/t51.82787-15/731105082_18610798147040236_4554968100807258640_n.jpg?stp=c0.467.2803.2803a_dst-jpegr_e35_s240x240_tt6&_nc_cat=1&ig_cache_key=MzkzMTY4ODAwOTg1ODQ5OTA1OQ%3D%3D.3-ccb7-5&ccb=7-5&_nc_sid=58cdad&efg=eyJ2ZW5jb2RlX3RhZyI6IkNBUk9VU0VMX0lURU0ueHBpZHMuMjgwMy5oZHIucmVndWxhcl9waG90by5DMyJ9&_nc_ohc=beXCikQYfrMQ7kNvwEaKhPj&_nc_oc=Adr8XnDm_5_rP94tu4d2Gds4TgPLAlpLAQnSxh52Jxwr_abMGSjiKEhMkIugG9pCmyTh1UBtQLZIZE9BuHSDqr3r&_nc_zt=23&se=-1&_nc_ht=instagram.ftir1-2.fna&_nc_gid=r9chAe_Qh3-1VmS7-my95A&_nc_ss=7f689&oh=00_AQD2z7zFCN74AHn2VIL1Z0vhKEH79--2hKoFdoG5Jp5OBQ&oe=6A4D3D4D
Width: MISSING
Height: MISSING
Estimated Resolution: 240x240
File Extension: UNKNOWN
Contains Crop Parameters: YES
Contains Resize Parameters: YES
Contains JPEG Recompression: YES
Contains WebP: NO
Contains AVIF: NO
URL Length: 616
HTTP Status: 200
Content-Type: image/jpeg
Content-Length: 11825
Downloaded Bytes: 11825
Redirect Count: 0
Final URL: https://instagram.ftir1-2.fna.fbcdn.net/v/t51.82787-15/731105082_18610798147040236_4554968100807258640_n.jpg?stp=c0.467.2803.2803a_dst-jpegr_e35_s240x240_tt6&_nc_cat=1&ig_cache_key=MzkzMTY4ODAwOTg1ODQ5OTA1OQ%3D%3D.3-ccb7-5&ccb=7-5&_nc_sid=58cdad&efg=eyJ2ZW5jb2RlX3RhZyI6IkNBUk9VU0VMX0lURU0ueHBpZHMuMjgwMy5oZHIucmVndWxhcl9waG90by5DMyJ9&_nc_ohc=beXCikQYfrMQ7kNvwEaKhPj&_nc_oc=Adr8XnDm_5_rP94tu4d2Gds4TgPLAlpLAQnSxh52Jxwr_abMGSjiKEhMkIugG9pCmyTh1UBtQLZIZE9BuHSDqr3r&_nc_zt=23&se=-1&_nc_ht=instagram.ftir1-2.fna&_nc_gid=r9chAe_Qh3-1VmS7-my95A&_nc_ss=7f689&oh=00_AQD2z7zFCN74AHn2VIL1Z0vhKEH79--2hKoFdoG5Jp5OBQ&oe=6A4D3D4D
----------------------------------------
Candidate 13
URL: https://instagram.ftir1-2.fna.fbcdn.net/v/t51.82787-15/731105082_18610798147040236_4554968100807258640_n.jpg?stp=c0.467.2803.2803a_dst-jpegr_e35_s150x150_tt6&_nc_cat=1&ig_cache_key=MzkzMTY4ODAwOTg1ODQ5OTA1OQ%3D%3D.3-ccb7-5&ccb=7-5&_nc_sid=58cdad&efg=eyJ2ZW5jb2RlX3RhZyI6IkNBUk9VU0VMX0lURU0ueHBpZHMuMjgwMy5oZHIucmVndWxhcl9waG90by5DMyJ9&_nc_ohc=beXCikQYfrMQ7kNvwEaKhPj&_nc_oc=Adr8XnDm_5_rP94tu4d2Gds4TgPLAlpLAQnSxh52Jxwr_abMGSjiKEhMkIugG9pCmyTh1UBtQLZIZE9BuHSDqr3r&_nc_zt=23&se=-1&_nc_ht=instagram.ftir1-2.fna&_nc_gid=r9chAe_Qh3-1VmS7-my95A&_nc_ss=7f689&oh=00_AQCi2cIC3FOstEi82BnlZW79kBu3bj-jurJ9iaP2YOSV0Q&oe=6A4D3D4D
Width: MISSING
Height: MISSING
Estimated Resolution: 150x150
File Extension: UNKNOWN
Contains Crop Parameters: YES
Contains Resize Parameters: YES
Contains JPEG Recompression: YES
Contains WebP: NO
Contains AVIF: NO
URL Length: 616
HTTP Status: 200
Content-Type: image/jpeg
Content-Length: 6427
Downloaded Bytes: 6427
Redirect Count: 0
Final URL: https://instagram.ftir1-2.fna.fbcdn.net/v/t51.82787-15/731105082_18610798147040236_4554968100807258640_n.jpg?stp=c0.467.2803.2803a_dst-jpegr_e35_s150x150_tt6&_nc_cat=1&ig_cache_key=MzkzMTY4ODAwOTg1ODQ5OTA1OQ%3D%3D.3-ccb7-5&ccb=7-5&_nc_sid=58cdad&efg=eyJ2ZW5jb2RlX3RhZyI6IkNBUk9VU0VMX0lURU0ueHBpZHMuMjgwMy5oZHIucmVndWxhcl9waG90by5DMyJ9&_nc_ohc=beXCikQYfrMQ7kNvwEaKhPj&_nc_oc=Adr8XnDm_5_rP94tu4d2Gds4TgPLAlpLAQnSxh52Jxwr_abMGSjiKEhMkIugG9pCmyTh1UBtQLZIZE9BuHSDqr3r&_nc_zt=23&se=-1&_nc_ht=instagram.ftir1-2.fna&_nc_gid=r9chAe_Qh3-1VmS7-my95A&_nc_ss=7f689&oh=00_AQCi2cIC3FOstEi82BnlZW79kBu3bj-jurJ9iaP2YOSV0Q&oe=6A4D3D4D

=================================================
RANKING IMAGE 1
=================================================

Candidate 0 | Score: 732270 | Reason: Original | Bytes: 732270
Candidate 1 | Score: 97952 | Reason: Resized | Bytes: 147952
Candidate 2 | Score: 26901 | Reason: Resized | Bytes: 76901
Candidate 3 | Score: 9768 | Reason: Resized, Sharpened | Bytes: 69768
Candidate 4 | Score: -8472 | Reason: Resized | Bytes: 41528
Candidate 5 | Score: -27688 | Reason: Resized | Bytes: 22312
Candidate 6 | Score: -35567 | Reason: Resized | Bytes: 14433
Candidate 7 | Score: -36945 | Reason: Cropped, Resized | Bytes: 113055
Candidate 8 | Score: -90826 | Reason: Cropped, Resized, Sharpened | Bytes: 69174
Candidate 9 | Score: -105731 | Reason: Cropped, Resized, Sharpened | Bytes: 54269
Candidate 10 | Score: -117112 | Reason: Cropped, Resized | Bytes: 32888
Candidate 11 | Score: -132040 | Reason: Cropped, Resized | Bytes: 17960
Candidate 12 | Score: -138175 | Reason: Cropped, Resized | Bytes: 11825
Candidate 13 | Score: -343573 | Reason: Cropped, Resized | Bytes: 6427

=================================================
Selected Candidate
Original URL: https://instagram.ftir1-2.fna.fbcdn.net/v/t51.82787-15/731105082_18610798147040236_4554968100807258640_n.jpg?stp=dst-jpegr_e35_tt6&_nc_cat=1&ig_cache_key=MzkzMTY4ODAwOTg1ODQ5OTA1OQ%3D%3D.3-ccb7-5&ccb=7-5&_nc_sid=58cdad&efg=eyJ2ZW5jb2RlX3RhZyI6IkNBUk9VU0VMX0lURU0ueHBpZHMuMjgwMy5oZHIucmVndWxhcl9waG90by5DMyJ9&_nc_ohc=beXCikQYfrMQ7kNvwEaKhPj&_nc_oc=Adr8XnDm_5_rP94tu4d2Gds4TgPLAlpLAQnSxh52Jxwr_abMGSjiKEhMkIugG9pCmyTh1UBtQLZIZE9BuHSDqr3r&_nc_zt=23&se=-1&_nc_ht=instagram.ftir1-2.fna&_nc_gid=r9chAe_Qh3-1VmS7-my95A&_nc_ss=7f689&oh=00_AQDr_WEOxEZCD0WmCmtfiZ-OIZm7kMPgPS8XkJjfzS1B6w&oe=6A4D3D4D
Final URL: https://instagram.ftir1-2.fna.fbcdn.net/v/t51.82787-15/731105082_18610798147040236_4554968100807258640_n.jpg?stp=dst-jpegr_e35_tt6&_nc_cat=1&ig_cache_key=MzkzMTY4ODAwOTg1ODQ5OTA1OQ%3D%3D.3-ccb7-5&ccb=7-5&_nc_sid=58cdad&efg=eyJ2ZW5jb2RlX3RhZyI6IkNBUk9VU0VMX0lURU0ueHBpZHMuMjgwMy5oZHIucmVndWxhcl9waG90by5DMyJ9&_nc_ohc=beXCikQYfrMQ7kNvwEaKhPj&_nc_oc=Adr8XnDm_5_rP94tu4d2Gds4TgPLAlpLAQnSxh52Jxwr_abMGSjiKEhMkIugG9pCmyTh1UBtQLZIZE9BuHSDqr3r&_nc_zt=23&se=-1&_nc_ht=instagram.ftir1-2.fna&_nc_gid=r9chAe_Qh3-1VmS7-my95A&_nc_ss=7f689&oh=00_AQDr_WEOxEZCD0WmCmtfiZ-OIZm7kMPgPS8XkJjfzS1B6w&oe=6A4D3D4D
Resolution: 0x0
Content-Length: 732270
Score: 732270
Reason Selected: Original (Highest Score)
=================================================



========================================================
ANALYZING IMAGE 2
========================================================

Found 14 candidates for image 2.

----------------------------------------
Candidate 0
URL: https://instagram.ftir1-2.fna.fbcdn.net/v/t51.82787-15/731185632_18610798156040236_9131728252997413762_n.jpg?stp=dst-jpegr_e35_tt6&_nc_cat=107&ig_cache_key=MzkzMTY4ODAxNzg2OTYyMDI3Mw%3D%3D.3-ccb7-5&ccb=7-5&_nc_sid=58cdad&efg=eyJ2ZW5jb2RlX3RhZyI6IkNBUk9VU0VMX0lURU0ueHBpZHMuMjU4Mi5oZHIucmVndWxhcl9waG90by5DMyJ9&_nc_ohc=Rfp3cPpQp7cQ7kNvwHjYCky&_nc_oc=AdoaXno5DkpUmJIQvXnWi9QI3cXDwnYkVny6q-6NuV3rcxaaU0FgCF1Bd0f8npFxbu7Ob2KXtR6vCQYDsCj51W74&_nc_zt=23&se=-1&_nc_ht=instagram.ftir1-2.fna&_nc_gid=r9chAe_Qh3-1VmS7-my95A&_nc_ss=7f689&oh=00_AQB1WTlpwkSe1T--QaL_kbzRbI_A7LqMJscFo4rCe0kVDg&oe=6A4D480F
Width: MISSING
Height: MISSING
Estimated Resolution: 0x0
File Extension: UNKNOWN
Contains Crop Parameters: NO
Contains Resize Parameters: NO
Contains JPEG Recompression: YES
Contains WebP: NO
Contains AVIF: NO
URL Length: 591
HTTP Status: 200
Content-Type: image/jpeg
Content-Length: 689554
Downloaded Bytes: 689554
Redirect Count: 0
Final URL: https://instagram.ftir1-2.fna.fbcdn.net/v/t51.82787-15/731185632_18610798156040236_9131728252997413762_n.jpg?stp=dst-jpegr_e35_tt6&_nc_cat=107&ig_cache_key=MzkzMTY4ODAxNzg2OTYyMDI3Mw%3D%3D.3-ccb7-5&ccb=7-5&_nc_sid=58cdad&efg=eyJ2ZW5jb2RlX3RhZyI6IkNBUk9VU0VMX0lURU0ueHBpZHMuMjU4Mi5oZHIucmVndWxhcl9waG90by5DMyJ9&_nc_ohc=Rfp3cPpQp7cQ7kNvwHjYCky&_nc_oc=AdoaXno5DkpUmJIQvXnWi9QI3cXDwnYkVny6q-6NuV3rcxaaU0FgCF1Bd0f8npFxbu7Ob2KXtR6vCQYDsCj51W74&_nc_zt=23&se=-1&_nc_ht=instagram.ftir1-2.fna&_nc_gid=r9chAe_Qh3-1VmS7-my95A&_nc_ss=7f689&oh=00_AQB1WTlpwkSe1T--QaL_kbzRbI_A7LqMJscFo4rCe0kVDg&oe=6A4D480F
----------------------------------------
Candidate 1
URL: https://instagram.ftir1-2.fna.fbcdn.net/v/t51.82787-15/731185632_18610798156040236_9131728252997413762_n.jpg?stp=dst-jpegr_e35_p1080x1080_tt6&_nc_cat=107&ig_cache_key=MzkzMTY4ODAxNzg2OTYyMDI3Mw%3D%3D.3-ccb7-5&ccb=7-5&_nc_sid=58cdad&efg=eyJ2ZW5jb2RlX3RhZyI6IkNBUk9VU0VMX0lURU0ueHBpZHMuMjU4Mi5oZHIucmVndWxhcl9waG90by5DMyJ9&_nc_ohc=Rfp3cPpQp7cQ7kNvwHjYCky&_nc_oc=AdoaXno5DkpUmJIQvXnWi9QI3cXDwnYkVny6q-6NuV3rcxaaU0FgCF1Bd0f8npFxbu7Ob2KXtR6vCQYDsCj51W74&_nc_zt=23&se=-1&_nc_ht=instagram.ftir1-2.fna&_nc_gid=r9chAe_Qh3-1VmS7-my95A&_nc_ss=7f689&oh=00_AQBjdYZGN6tLhUInSSH3QYxIawp74MZPD1pWBoaDX9CYfg&oe=6A4D480F
Width: MISSING
Height: MISSING
Estimated Resolution: 1080x1080
File Extension: UNKNOWN
Contains Crop Parameters: NO
Contains Resize Parameters: YES
Contains JPEG Recompression: YES
Contains WebP: NO
Contains AVIF: NO
URL Length: 602
HTTP Status: 200
Content-Type: image/jpeg
Content-Length: 153704
Downloaded Bytes: 153704
Redirect Count: 0
Final URL: https://instagram.ftir1-2.fna.fbcdn.net/v/t51.82787-15/731185632_18610798156040236_9131728252997413762_n.jpg?stp=dst-jpegr_e35_p1080x1080_tt6&_nc_cat=107&ig_cache_key=MzkzMTY4ODAxNzg2OTYyMDI3Mw%3D%3D.3-ccb7-5&ccb=7-5&_nc_sid=58cdad&efg=eyJ2ZW5jb2RlX3RhZyI6IkNBUk9VU0VMX0lURU0ueHBpZHMuMjU4Mi5oZHIucmVndWxhcl9waG90by5DMyJ9&_nc_ohc=Rfp3cPpQp7cQ7kNvwHjYCky&_nc_oc=AdoaXno5DkpUmJIQvXnWi9QI3cXDwnYkVny6q-6NuV3rcxaaU0FgCF1Bd0f8npFxbu7Ob2KXtR6vCQYDsCj51W74&_nc_zt=23&se=-1&_nc_ht=instagram.ftir1-2.fna&_nc_gid=r9chAe_Qh3-1VmS7-my95A&_nc_ss=7f689&oh=00_AQBjdYZGN6tLhUInSSH3QYxIawp74MZPD1pWBoaDX9CYfg&oe=6A4D480F
----------------------------------------
Candidate 2
URL: https://instagram.ftir1-2.fna.fbcdn.net/v/t51.82787-15/731185632_18610798156040236_9131728252997413762_n.jpg?stp=dst-jpegr_e35_p720x720_tt6&_nc_cat=107&ig_cache_key=MzkzMTY4ODAxNzg2OTYyMDI3Mw%3D%3D.3-ccb7-5&ccb=7-5&_nc_sid=58cdad&efg=eyJ2ZW5jb2RlX3RhZyI6IkNBUk9VU0VMX0lURU0ueHBpZHMuMjU4Mi5oZHIucmVndWxhcl9waG90by5DMyJ9&_nc_ohc=Rfp3cPpQp7cQ7kNvwHjYCky&_nc_oc=AdoaXno5DkpUmJIQvXnWi9QI3cXDwnYkVny6q-6NuV3rcxaaU0FgCF1Bd0f8npFxbu7Ob2KXtR6vCQYDsCj51W74&_nc_zt=23&se=-1&_nc_ht=instagram.ftir1-2.fna&_nc_gid=r9chAe_Qh3-1VmS7-my95A&_nc_ss=7f689&oh=00_AQB9QDIsUN0cJmAQyuv7Lr_DqzXkCjL7dKfEVSJU3BzlTw&oe=6A4D480F
Width: MISSING
Height: MISSING
Estimated Resolution: 720x720
File Extension: UNKNOWN
Contains Crop Parameters: NO
Contains Resize Parameters: YES
Contains JPEG Recompression: YES
Contains WebP: NO
Contains AVIF: NO
URL Length: 600
HTTP Status: 200
Content-Type: image/jpeg
Content-Length: 75398
Downloaded Bytes: 75398
Redirect Count: 0
Final URL: https://instagram.ftir1-2.fna.fbcdn.net/v/t51.82787-15/731185632_18610798156040236_9131728252997413762_n.jpg?stp=dst-jpegr_e35_p720x720_tt6&_nc_cat=107&ig_cache_key=MzkzMTY4ODAxNzg2OTYyMDI3Mw%3D%3D.3-ccb7-5&ccb=7-5&_nc_sid=58cdad&efg=eyJ2ZW5jb2RlX3RhZyI6IkNBUk9VU0VMX0lURU0ueHBpZHMuMjU4Mi5oZHIucmVndWxhcl9waG90by5DMyJ9&_nc_ohc=Rfp3cPpQp7cQ7kNvwHjYCky&_nc_oc=AdoaXno5DkpUmJIQvXnWi9QI3cXDwnYkVny6q-6NuV3rcxaaU0FgCF1Bd0f8npFxbu7Ob2KXtR6vCQYDsCj51W74&_nc_zt=23&se=-1&_nc_ht=instagram.ftir1-2.fna&_nc_gid=r9chAe_Qh3-1VmS7-my95A&_nc_ss=7f689&oh=00_AQB9QDIsUN0cJmAQyuv7Lr_DqzXkCjL7dKfEVSJU3BzlTw&oe=6A4D480F
----------------------------------------
Candidate 3
URL: https://instagram.ftir1-2.fna.fbcdn.net/v/t51.82787-15/731185632_18610798156040236_9131728252997413762_n.jpg?stp=dst-jpegr_e35_p640x640_sh2.08_tt6&_nc_cat=107&ig_cache_key=MzkzMTY4ODAxNzg2OTYyMDI3Mw%3D%3D.3-ccb7-5&ccb=7-5&_nc_sid=58cdad&efg=eyJ2ZW5jb2RlX3RhZyI6IkNBUk9VU0VMX0lURU0ueHBpZHMuMjU4Mi5oZHIucmVndWxhcl9waG90by5DMyJ9&_nc_ohc=Rfp3cPpQp7cQ7kNvwHjYCky&_nc_oc=AdoaXno5DkpUmJIQvXnWi9QI3cXDwnYkVny6q-6NuV3rcxaaU0FgCF1Bd0f8npFxbu7Ob2KXtR6vCQYDsCj51W74&_nc_zt=23&se=-1&_nc_ht=instagram.ftir1-2.fna&_nc_gid=r9chAe_Qh3-1VmS7-my95A&_nc_ss=7f689&oh=00_AQDwWBhgWq9scqD6QadHXKVYOhZVsEiji8bElvv1Czzgqg&oe=6A4D480F
Width: MISSING
Height: MISSING
Estimated Resolution: 640x640
File Extension: UNKNOWN
Contains Crop Parameters: NO
Contains Resize Parameters: YES
Contains JPEG Recompression: YES
Contains WebP: NO
Contains AVIF: NO
URL Length: 607
HTTP Status: 200
Content-Type: image/jpeg
Content-Length: 67843
Downloaded Bytes: 67843
Redirect Count: 0
Final URL: https://instagram.ftir1-2.fna.fbcdn.net/v/t51.82787-15/731185632_18610798156040236_9131728252997413762_n.jpg?stp=dst-jpegr_e35_p640x640_sh2.08_tt6&_nc_cat=107&ig_cache_key=MzkzMTY4ODAxNzg2OTYyMDI3Mw%3D%3D.3-ccb7-5&ccb=7-5&_nc_sid=58cdad&efg=eyJ2ZW5jb2RlX3RhZyI6IkNBUk9VU0VMX0lURU0ueHBpZHMuMjU4Mi5oZHIucmVndWxhcl9waG90by5DMyJ9&_nc_ohc=Rfp3cPpQp7cQ7kNvwHjYCky&_nc_oc=AdoaXno5DkpUmJIQvXnWi9QI3cXDwnYkVny6q-6NuV3rcxaaU0FgCF1Bd0f8npFxbu7Ob2KXtR6vCQYDsCj51W74&_nc_zt=23&se=-1&_nc_ht=instagram.ftir1-2.fna&_nc_gid=r9chAe_Qh3-1VmS7-my95A&_nc_ss=7f689&oh=00_AQDwWBhgWq9scqD6QadHXKVYOhZVsEiji8bElvv1Czzgqg&oe=6A4D480F
----------------------------------------
Candidate 4
URL: https://instagram.ftir1-2.fna.fbcdn.net/v/t51.82787-15/731185632_18610798156040236_9131728252997413762_n.jpg?stp=dst-jpegr_e35_s640x640_tt6&_nc_cat=107&ig_cache_key=MzkzMTY4ODAxNzg2OTYyMDI3Mw%3D%3D.3-ccb7-5&ccb=7-5&_nc_sid=58cdad&efg=eyJ2ZW5jb2RlX3RhZyI6IkNBUk9VU0VMX0lURU0ueHBpZHMuMjU4Mi5oZHIucmVndWxhcl9waG90by5DMyJ9&_nc_ohc=Rfp3cPpQp7cQ7kNvwHjYCky&_nc_oc=AdoaXno5DkpUmJIQvXnWi9QI3cXDwnYkVny6q-6NuV3rcxaaU0FgCF1Bd0f8npFxbu7Ob2KXtR6vCQYDsCj51W74&_nc_zt=23&se=-1&_nc_ht=instagram.ftir1-2.fna&_nc_gid=r9chAe_Qh3-1VmS7-my95A&_nc_ss=7f689&oh=00_AQBBF7Bc4Bq1tFiFVKntuGjCxENocc8wN96TLBb79PPOxQ&oe=6A4D480F
Width: MISSING
Height: MISSING
Estimated Resolution: 640x640
File Extension: UNKNOWN
Contains Crop Parameters: NO
Contains Resize Parameters: YES
Contains JPEG Recompression: YES
Contains WebP: NO
Contains AVIF: NO
URL Length: 600
HTTP Status: 200
Content-Type: image/jpeg
Content-Length: 39574
Downloaded Bytes: 39574
Redirect Count: 0
Final URL: https://instagram.ftir1-2.fna.fbcdn.net/v/t51.82787-15/731185632_18610798156040236_9131728252997413762_n.jpg?stp=dst-jpegr_e35_s640x640_tt6&_nc_cat=107&ig_cache_key=MzkzMTY4ODAxNzg2OTYyMDI3Mw%3D%3D.3-ccb7-5&ccb=7-5&_nc_sid=58cdad&efg=eyJ2ZW5jb2RlX3RhZyI6IkNBUk9VU0VMX0lURU0ueHBpZHMuMjU4Mi5oZHIucmVndWxhcl9waG90by5DMyJ9&_nc_ohc=Rfp3cPpQp7cQ7kNvwHjYCky&_nc_oc=AdoaXno5DkpUmJIQvXnWi9QI3cXDwnYkVny6q-6NuV3rcxaaU0FgCF1Bd0f8npFxbu7Ob2KXtR6vCQYDsCj51W74&_nc_zt=23&se=-1&_nc_ht=instagram.ftir1-2.fna&_nc_gid=r9chAe_Qh3-1VmS7-my95A&_nc_ss=7f689&oh=00_AQBBF7Bc4Bq1tFiFVKntuGjCxENocc8wN96TLBb79PPOxQ&oe=6A4D480F
----------------------------------------
Candidate 5
URL: https://instagram.ftir1-2.fna.fbcdn.net/v/t51.82787-15/731185632_18610798156040236_9131728252997413762_n.jpg?stp=dst-jpegr_e35_p320x320_tt6&_nc_cat=107&ig_cache_key=MzkzMTY4ODAxNzg2OTYyMDI3Mw%3D%3D.3-ccb7-5&ccb=7-5&_nc_sid=58cdad&efg=eyJ2ZW5jb2RlX3RhZyI6IkNBUk9VU0VMX0lURU0ueHBpZHMuMjU4Mi5oZHIucmVndWxhcl9waG90by5DMyJ9&_nc_ohc=Rfp3cPpQp7cQ7kNvwHjYCky&_nc_oc=AdoaXno5DkpUmJIQvXnWi9QI3cXDwnYkVny6q-6NuV3rcxaaU0FgCF1Bd0f8npFxbu7Ob2KXtR6vCQYDsCj51W74&_nc_zt=23&se=-1&_nc_ht=instagram.ftir1-2.fna&_nc_gid=r9chAe_Qh3-1VmS7-my95A&_nc_ss=7f689&oh=00_AQDIhHfAjFKJ9xghUWqQFhDG6y4OBzEAG1R89aeaiBRqLA&oe=6A4D480F
Width: MISSING
Height: MISSING
Estimated Resolution: 320x320
File Extension: UNKNOWN
Contains Crop Parameters: NO
Contains Resize Parameters: YES
Contains JPEG Recompression: YES
Contains WebP: NO
Contains AVIF: NO
URL Length: 600
HTTP Status: 200
Content-Type: image/jpeg
Content-Length: 21598
Downloaded Bytes: 21598
Redirect Count: 0
Final URL: https://instagram.ftir1-2.fna.fbcdn.net/v/t51.82787-15/731185632_18610798156040236_9131728252997413762_n.jpg?stp=dst-jpegr_e35_p320x320_tt6&_nc_cat=107&ig_cache_key=MzkzMTY4ODAxNzg2OTYyMDI3Mw%3D%3D.3-ccb7-5&ccb=7-5&_nc_sid=58cdad&efg=eyJ2ZW5jb2RlX3RhZyI6IkNBUk9VU0VMX0lURU0ueHBpZHMuMjU4Mi5oZHIucmVndWxhcl9waG90by5DMyJ9&_nc_ohc=Rfp3cPpQp7cQ7kNvwHjYCky&_nc_oc=AdoaXno5DkpUmJIQvXnWi9QI3cXDwnYkVny6q-6NuV3rcxaaU0FgCF1Bd0f8npFxbu7Ob2KXtR6vCQYDsCj51W74&_nc_zt=23&se=-1&_nc_ht=instagram.ftir1-2.fna&_nc_gid=r9chAe_Qh3-1VmS7-my95A&_nc_ss=7f689&oh=00_AQDIhHfAjFKJ9xghUWqQFhDG6y4OBzEAG1R89aeaiBRqLA&oe=6A4D480F
----------------------------------------
Candidate 6
URL: https://instagram.ftir1-2.fna.fbcdn.net/v/t51.82787-15/731185632_18610798156040236_9131728252997413762_n.jpg?stp=dst-jpegr_e35_s320x320_tt6&_nc_cat=107&ig_cache_key=MzkzMTY4ODAxNzg2OTYyMDI3Mw%3D%3D.3-ccb7-5&ccb=7-5&_nc_sid=58cdad&efg=eyJ2ZW5jb2RlX3RhZyI6IkNBUk9VU0VMX0lURU0ueHBpZHMuMjU4Mi5oZHIucmVndWxhcl9waG90by5DMyJ9&_nc_ohc=Rfp3cPpQp7cQ7kNvwHjYCky&_nc_oc=AdoaXno5DkpUmJIQvXnWi9QI3cXDwnYkVny6q-6NuV3rcxaaU0FgCF1Bd0f8npFxbu7Ob2KXtR6vCQYDsCj51W74&_nc_zt=23&se=-1&_nc_ht=instagram.ftir1-2.fna&_nc_gid=r9chAe_Qh3-1VmS7-my95A&_nc_ss=7f689&oh=00_AQCN3HlaAgcqEfTzZqtizIPCv76RadQM_ElkVxnFQ7JrkA&oe=6A4D480F
Width: MISSING
Height: MISSING
Estimated Resolution: 320x320
File Extension: UNKNOWN
Contains Crop Parameters: NO
Contains Resize Parameters: YES
Contains JPEG Recompression: YES
Contains WebP: NO
Contains AVIF: NO
URL Length: 600
HTTP Status: 200
Content-Type: image/jpeg
Content-Length: 14394
Downloaded Bytes: 14394
Redirect Count: 0
Final URL: https://instagram.ftir1-2.fna.fbcdn.net/v/t51.82787-15/731185632_18610798156040236_9131728252997413762_n.jpg?stp=dst-jpegr_e35_s320x320_tt6&_nc_cat=107&ig_cache_key=MzkzMTY4ODAxNzg2OTYyMDI3Mw%3D%3D.3-ccb7-5&ccb=7-5&_nc_sid=58cdad&efg=eyJ2ZW5jb2RlX3RhZyI6IkNBUk9VU0VMX0lURU0ueHBpZHMuMjU4Mi5oZHIucmVndWxhcl9waG90by5DMyJ9&_nc_ohc=Rfp3cPpQp7cQ7kNvwHjYCky&_nc_oc=AdoaXno5DkpUmJIQvXnWi9QI3cXDwnYkVny6q-6NuV3rcxaaU0FgCF1Bd0f8npFxbu7Ob2KXtR6vCQYDsCj51W74&_nc_zt=23&se=-1&_nc_ht=instagram.ftir1-2.fna&_nc_gid=r9chAe_Qh3-1VmS7-my95A&_nc_ss=7f689&oh=00_AQCN3HlaAgcqEfTzZqtizIPCv76RadQM_ElkVxnFQ7JrkA&oe=6A4D480F
----------------------------------------
Candidate 7
URL: https://instagram.ftir1-2.fna.fbcdn.net/v/t51.82787-15/731185632_18610798156040236_9131728252997413762_n.jpg?stp=c0.430.2582.2582a_dst-jpegr_e35_s1080x1080_tt6&_nc_cat=107&ig_cache_key=MzkzMTY4ODAxNzg2OTYyMDI3Mw%3D%3D.3-ccb7-5&ccb=7-5&_nc_sid=58cdad&efg=eyJ2ZW5jb2RlX3RhZyI6IkNBUk9VU0VMX0lURU0ueHBpZHMuMjU4Mi5oZHIucmVndWxhcl9waG90by5DMyJ9&_nc_ohc=Rfp3cPpQp7cQ7kNvwHjYCky&_nc_oc=AdoaXno5DkpUmJIQvXnWi9QI3cXDwnYkVny6q-6NuV3rcxaaU0FgCF1Bd0f8npFxbu7Ob2KXtR6vCQYDsCj51W74&_nc_zt=23&se=-1&_nc_ht=instagram.ftir1-2.fna&_nc_gid=r9chAe_Qh3-1VmS7-my95A&_nc_ss=7f689&oh=00_AQDPGeMBnUddt6kxJuZeoR5TOhTZt2t5y574Nkc13iDYlQ&oe=6A4D480F
Width: MISSING
Height: MISSING
Estimated Resolution: 1080x1080
File Extension: UNKNOWN
Contains Crop Parameters: YES
Contains Resize Parameters: YES
Contains JPEG Recompression: YES
Contains WebP: NO
Contains AVIF: NO
URL Length: 620
HTTP Status: 200
Content-Type: image/jpeg
Content-Length: 118256
Downloaded Bytes: 118256
Redirect Count: 0
Final URL: https://instagram.ftir1-2.fna.fbcdn.net/v/t51.82787-15/731185632_18610798156040236_9131728252997413762_n.jpg?stp=c0.430.2582.2582a_dst-jpegr_e35_s1080x1080_tt6&_nc_cat=107&ig_cache_key=MzkzMTY4ODAxNzg2OTYyMDI3Mw%3D%3D.3-ccb7-5&ccb=7-5&_nc_sid=58cdad&efg=eyJ2ZW5jb2RlX3RhZyI6IkNBUk9VU0VMX0lURU0ueHBpZHMuMjU4Mi5oZHIucmVndWxhcl9waG90by5DMyJ9&_nc_ohc=Rfp3cPpQp7cQ7kNvwHjYCky&_nc_oc=AdoaXno5DkpUmJIQvXnWi9QI3cXDwnYkVny6q-6NuV3rcxaaU0FgCF1Bd0f8npFxbu7Ob2KXtR6vCQYDsCj51W74&_nc_zt=23&se=-1&_nc_ht=instagram.ftir1-2.fna&_nc_gid=r9chAe_Qh3-1VmS7-my95A&_nc_ss=7f689&oh=00_AQDPGeMBnUddt6kxJuZeoR5TOhTZt2t5y574Nkc13iDYlQ&oe=6A4D480F
----------------------------------------
Candidate 8
URL: https://instagram.ftir1-2.fna.fbcdn.net/v/t51.82787-15/731185632_18610798156040236_9131728252997413762_n.jpg?stp=c0.430.2582.2582a_dst-jpegr_e35_s750x750_sh2.08_tt6&_nc_cat=107&ig_cache_key=MzkzMTY4ODAxNzg2OTYyMDI3Mw%3D%3D.3-ccb7-5&ccb=7-5&_nc_sid=58cdad&efg=eyJ2ZW5jb2RlX3RhZyI6IkNBUk9VU0VMX0lURU0ueHBpZHMuMjU4Mi5oZHIucmVndWxhcl9waG90by5DMyJ9&_nc_ohc=Rfp3cPpQp7cQ7kNvwHjYCky&_nc_oc=AdoaXno5DkpUmJIQvXnWi9QI3cXDwnYkVny6q-6NuV3rcxaaU0FgCF1Bd0f8npFxbu7Ob2KXtR6vCQYDsCj51W74&_nc_zt=23&se=-1&_nc_ht=instagram.ftir1-2.fna&_nc_gid=r9chAe_Qh3-1VmS7-my95A&_nc_ss=7f689&oh=00_AQCWAdax6M3trf2sPTxnnCUq6ok7nhNBHn8pp_TfFmm0fA&oe=6A4D480F
Width: MISSING
Height: MISSING
Estimated Resolution: 750x750
File Extension: UNKNOWN
Contains Crop Parameters: YES
Contains Resize Parameters: YES
Contains JPEG Recompression: YES
Contains WebP: NO
Contains AVIF: NO
URL Length: 625
HTTP Status: 200
Content-Type: image/jpeg
Content-Length: 69332
Downloaded Bytes: 69332
Redirect Count: 0
Final URL: https://instagram.ftir1-2.fna.fbcdn.net/v/t51.82787-15/731185632_18610798156040236_9131728252997413762_n.jpg?stp=c0.430.2582.2582a_dst-jpegr_e35_s750x750_sh2.08_tt6&_nc_cat=107&ig_cache_key=MzkzMTY4ODAxNzg2OTYyMDI3Mw%3D%3D.3-ccb7-5&ccb=7-5&_nc_sid=58cdad&efg=eyJ2ZW5jb2RlX3RhZyI6IkNBUk9VU0VMX0lURU0ueHBpZHMuMjU4Mi5oZHIucmVndWxhcl9waG90by5DMyJ9&_nc_ohc=Rfp3cPpQp7cQ7kNvwHjYCky&_nc_oc=AdoaXno5DkpUmJIQvXnWi9QI3cXDwnYkVny6q-6NuV3rcxaaU0FgCF1Bd0f8npFxbu7Ob2KXtR6vCQYDsCj51W74&_nc_zt=23&se=-1&_nc_ht=instagram.ftir1-2.fna&_nc_gid=r9chAe_Qh3-1VmS7-my95A&_nc_ss=7f689&oh=00_AQCWAdax6M3trf2sPTxnnCUq6ok7nhNBHn8pp_TfFmm0fA&oe=6A4D480F
----------------------------------------
Candidate 9
URL: https://instagram.ftir1-2.fna.fbcdn.net/v/t51.82787-15/731185632_18610798156040236_9131728252997413762_n.jpg?stp=c0.430.2582.2582a_dst-jpegr_e35_s640x640_sh2.08_tt6&_nc_cat=107&ig_cache_key=MzkzMTY4ODAxNzg2OTYyMDI3Mw%3D%3D.3-ccb7-5&ccb=7-5&_nc_sid=58cdad&efg=eyJ2ZW5jb2RlX3RhZyI6IkNBUk9VU0VMX0lURU0ueHBpZHMuMjU4Mi5oZHIucmVndWxhcl9waG90by5DMyJ9&_nc_ohc=Rfp3cPpQp7cQ7kNvwHjYCky&_nc_oc=AdoaXno5DkpUmJIQvXnWi9QI3cXDwnYkVny6q-6NuV3rcxaaU0FgCF1Bd0f8npFxbu7Ob2KXtR6vCQYDsCj51W74&_nc_zt=23&se=-1&_nc_ht=instagram.ftir1-2.fna&_nc_gid=r9chAe_Qh3-1VmS7-my95A&_nc_ss=7f689&oh=00_AQDoKV9wJDTeiDXoS5p3InB5paxx0eRE8hdTDgH7gYSnsA&oe=6A4D480F
Width: MISSING
Height: MISSING
Estimated Resolution: 640x640
File Extension: UNKNOWN
Contains Crop Parameters: YES
Contains Resize Parameters: YES
Contains JPEG Recompression: YES
Contains WebP: NO
Contains AVIF: NO
URL Length: 625
HTTP Status: 200
Content-Type: image/jpeg
Content-Length: 53167
Downloaded Bytes: 53167
Redirect Count: 0
Final URL: https://instagram.ftir1-2.fna.fbcdn.net/v/t51.82787-15/731185632_18610798156040236_9131728252997413762_n.jpg?stp=c0.430.2582.2582a_dst-jpegr_e35_s640x640_sh2.08_tt6&_nc_cat=107&ig_cache_key=MzkzMTY4ODAxNzg2OTYyMDI3Mw%3D%3D.3-ccb7-5&ccb=7-5&_nc_sid=58cdad&efg=eyJ2ZW5jb2RlX3RhZyI6IkNBUk9VU0VMX0lURU0ueHBpZHMuMjU4Mi5oZHIucmVndWxhcl9waG90by5DMyJ9&_nc_ohc=Rfp3cPpQp7cQ7kNvwHjYCky&_nc_oc=AdoaXno5DkpUmJIQvXnWi9QI3cXDwnYkVny6q-6NuV3rcxaaU0FgCF1Bd0f8npFxbu7Ob2KXtR6vCQYDsCj51W74&_nc_zt=23&se=-1&_nc_ht=instagram.ftir1-2.fna&_nc_gid=r9chAe_Qh3-1VmS7-my95A&_nc_ss=7f689&oh=00_AQDoKV9wJDTeiDXoS5p3InB5paxx0eRE8hdTDgH7gYSnsA&oe=6A4D480F
----------------------------------------
Candidate 10
URL: https://instagram.ftir1-2.fna.fbcdn.net/v/t51.82787-15/731185632_18610798156040236_9131728252997413762_n.jpg?stp=c0.430.2582.2582a_dst-jpegr_e35_s480x480_tt6&_nc_cat=107&ig_cache_key=MzkzMTY4ODAxNzg2OTYyMDI3Mw%3D%3D.3-ccb7-5&ccb=7-5&_nc_sid=58cdad&efg=eyJ2ZW5jb2RlX3RhZyI6IkNBUk9VU0VMX0lURU0ueHBpZHMuMjU4Mi5oZHIucmVndWxhcl9waG90by5DMyJ9&_nc_ohc=Rfp3cPpQp7cQ7kNvwHjYCky&_nc_oc=AdoaXno5DkpUmJIQvXnWi9QI3cXDwnYkVny6q-6NuV3rcxaaU0FgCF1Bd0f8npFxbu7Ob2KXtR6vCQYDsCj51W74&_nc_zt=23&se=-1&_nc_ht=instagram.ftir1-2.fna&_nc_gid=r9chAe_Qh3-1VmS7-my95A&_nc_ss=7f689&oh=00_AQAyzFJde_iJD79cnhcJ9H9VsksddUoPKdtyEHA1XweYCQ&oe=6A4D480F
Width: MISSING
Height: MISSING
Estimated Resolution: 480x480
File Extension: UNKNOWN
Contains Crop Parameters: YES
Contains Resize Parameters: YES
Contains JPEG Recompression: YES
Contains WebP: NO
Contains AVIF: NO
URL Length: 618
HTTP Status: 200
Content-Type: image/jpeg
Content-Length: 31600
Downloaded Bytes: 31600
Redirect Count: 0
Final URL: https://instagram.ftir1-2.fna.fbcdn.net/v/t51.82787-15/731185632_18610798156040236_9131728252997413762_n.jpg?stp=c0.430.2582.2582a_dst-jpegr_e35_s480x480_tt6&_nc_cat=107&ig_cache_key=MzkzMTY4ODAxNzg2OTYyMDI3Mw%3D%3D.3-ccb7-5&ccb=7-5&_nc_sid=58cdad&efg=eyJ2ZW5jb2RlX3RhZyI6IkNBUk9VU0VMX0lURU0ueHBpZHMuMjU4Mi5oZHIucmVndWxhcl9waG90by5DMyJ9&_nc_ohc=Rfp3cPpQp7cQ7kNvwHjYCky&_nc_oc=AdoaXno5DkpUmJIQvXnWi9QI3cXDwnYkVny6q-6NuV3rcxaaU0FgCF1Bd0f8npFxbu7Ob2KXtR6vCQYDsCj51W74&_nc_zt=23&se=-1&_nc_ht=instagram.ftir1-2.fna&_nc_gid=r9chAe_Qh3-1VmS7-my95A&_nc_ss=7f689&oh=00_AQAyzFJde_iJD79cnhcJ9H9VsksddUoPKdtyEHA1XweYCQ&oe=6A4D480F
----------------------------------------
Candidate 11
URL: https://instagram.ftir1-2.fna.fbcdn.net/v/t51.82787-15/731185632_18610798156040236_9131728252997413762_n.jpg?stp=c0.430.2582.2582a_dst-jpegr_e35_s320x320_tt6&_nc_cat=107&ig_cache_key=MzkzMTY4ODAxNzg2OTYyMDI3Mw%3D%3D.3-ccb7-5&ccb=7-5&_nc_sid=58cdad&efg=eyJ2ZW5jb2RlX3RhZyI6IkNBUk9VU0VMX0lURU0ueHBpZHMuMjU4Mi5oZHIucmVndWxhcl9waG90by5DMyJ9&_nc_ohc=Rfp3cPpQp7cQ7kNvwHjYCky&_nc_oc=AdoaXno5DkpUmJIQvXnWi9QI3cXDwnYkVny6q-6NuV3rcxaaU0FgCF1Bd0f8npFxbu7Ob2KXtR6vCQYDsCj51W74&_nc_zt=23&se=-1&_nc_ht=instagram.ftir1-2.fna&_nc_gid=r9chAe_Qh3-1VmS7-my95A&_nc_ss=7f689&oh=00_AQAivJy9VWMC5YO1nYF5ZsTaz4wyShKsKuRv9GTVPGnMig&oe=6A4D480F
Width: MISSING
Height: MISSING
Estimated Resolution: 320x320
File Extension: UNKNOWN
Contains Crop Parameters: YES
Contains Resize Parameters: YES
Contains JPEG Recompression: YES
Contains WebP: NO
Contains AVIF: NO
URL Length: 618
HTTP Status: 200
Content-Type: image/jpeg
Content-Length: 17522
Downloaded Bytes: 17522
Redirect Count: 0
Final URL: https://instagram.ftir1-2.fna.fbcdn.net/v/t51.82787-15/731185632_18610798156040236_9131728252997413762_n.jpg?stp=c0.430.2582.2582a_dst-jpegr_e35_s320x320_tt6&_nc_cat=107&ig_cache_key=MzkzMTY4ODAxNzg2OTYyMDI3Mw%3D%3D.3-ccb7-5&ccb=7-5&_nc_sid=58cdad&efg=eyJ2ZW5jb2RlX3RhZyI6IkNBUk9VU0VMX0lURU0ueHBpZHMuMjU4Mi5oZHIucmVndWxhcl9waG90by5DMyJ9&_nc_ohc=Rfp3cPpQp7cQ7kNvwHjYCky&_nc_oc=AdoaXno5DkpUmJIQvXnWi9QI3cXDwnYkVny6q-6NuV3rcxaaU0FgCF1Bd0f8npFxbu7Ob2KXtR6vCQYDsCj51W74&_nc_zt=23&se=-1&_nc_ht=instagram.ftir1-2.fna&_nc_gid=r9chAe_Qh3-1VmS7-my95A&_nc_ss=7f689&oh=00_AQAivJy9VWMC5YO1nYF5ZsTaz4wyShKsKuRv9GTVPGnMig&oe=6A4D480F
----------------------------------------
Candidate 12
URL: https://instagram.ftir1-2.fna.fbcdn.net/v/t51.82787-15/731185632_18610798156040236_9131728252997413762_n.jpg?stp=c0.430.2582.2582a_dst-jpegr_e35_s240x240_tt6&_nc_cat=107&ig_cache_key=MzkzMTY4ODAxNzg2OTYyMDI3Mw%3D%3D.3-ccb7-5&ccb=7-5&_nc_sid=58cdad&efg=eyJ2ZW5jb2RlX3RhZyI6IkNBUk9VU0VMX0lURU0ueHBpZHMuMjU4Mi5oZHIucmVndWxhcl9waG90by5DMyJ9&_nc_ohc=Rfp3cPpQp7cQ7kNvwHjYCky&_nc_oc=AdoaXno5DkpUmJIQvXnWi9QI3cXDwnYkVny6q-6NuV3rcxaaU0FgCF1Bd0f8npFxbu7Ob2KXtR6vCQYDsCj51W74&_nc_zt=23&se=-1&_nc_ht=instagram.ftir1-2.fna&_nc_gid=r9chAe_Qh3-1VmS7-my95A&_nc_ss=7f689&oh=00_AQDNXBlNClMWNemChI-tUtKYw1RAgarpkoNQAJXt2MVi1Q&oe=6A4D480F
Width: MISSING
Height: MISSING
Estimated Resolution: 240x240
File Extension: UNKNOWN
Contains Crop Parameters: YES
Contains Resize Parameters: YES
Contains JPEG Recompression: YES
Contains WebP: NO
Contains AVIF: NO
URL Length: 618
HTTP Status: 200
Content-Type: image/jpeg
Content-Length: 11899
Downloaded Bytes: 11899
Redirect Count: 0
Final URL: https://instagram.ftir1-2.fna.fbcdn.net/v/t51.82787-15/731185632_18610798156040236_9131728252997413762_n.jpg?stp=c0.430.2582.2582a_dst-jpegr_e35_s240x240_tt6&_nc_cat=107&ig_cache_key=MzkzMTY4ODAxNzg2OTYyMDI3Mw%3D%3D.3-ccb7-5&ccb=7-5&_nc_sid=58cdad&efg=eyJ2ZW5jb2RlX3RhZyI6IkNBUk9VU0VMX0lURU0ueHBpZHMuMjU4Mi5oZHIucmVndWxhcl9waG90by5DMyJ9&_nc_ohc=Rfp3cPpQp7cQ7kNvwHjYCky&_nc_oc=AdoaXno5DkpUmJIQvXnWi9QI3cXDwnYkVny6q-6NuV3rcxaaU0FgCF1Bd0f8npFxbu7Ob2KXtR6vCQYDsCj51W74&_nc_zt=23&se=-1&_nc_ht=instagram.ftir1-2.fna&_nc_gid=r9chAe_Qh3-1VmS7-my95A&_nc_ss=7f689&oh=00_AQDNXBlNClMWNemChI-tUtKYw1RAgarpkoNQAJXt2MVi1Q&oe=6A4D480F
----------------------------------------
Candidate 13
URL: https://instagram.ftir1-2.fna.fbcdn.net/v/t51.82787-15/731185632_18610798156040236_9131728252997413762_n.jpg?stp=c0.430.2582.2582a_dst-jpegr_e35_s150x150_tt6&_nc_cat=107&ig_cache_key=MzkzMTY4ODAxNzg2OTYyMDI3Mw%3D%3D.3-ccb7-5&ccb=7-5&_nc_sid=58cdad&efg=eyJ2ZW5jb2RlX3RhZyI6IkNBUk9VU0VMX0lURU0ueHBpZHMuMjU4Mi5oZHIucmVndWxhcl9waG90by5DMyJ9&_nc_ohc=Rfp3cPpQp7cQ7kNvwHjYCky&_nc_oc=AdoaXno5DkpUmJIQvXnWi9QI3cXDwnYkVny6q-6NuV3rcxaaU0FgCF1Bd0f8npFxbu7Ob2KXtR6vCQYDsCj51W74&_nc_zt=23&se=-1&_nc_ht=instagram.ftir1-2.fna&_nc_gid=r9chAe_Qh3-1VmS7-my95A&_nc_ss=7f689&oh=00_AQC1u8lYyeDwJv24G1N_TFX4D2kLo7-zTqZ7I2eJbd1AVw&oe=6A4D480F
Width: MISSING
Height: MISSING
Estimated Resolution: 150x150
File Extension: UNKNOWN
Contains Crop Parameters: YES
Contains Resize Parameters: YES
Contains JPEG Recompression: YES
Contains WebP: NO
Contains AVIF: NO
URL Length: 618
HTTP Status: 200
Content-Type: image/jpeg
Content-Length: 6662
Downloaded Bytes: 6662
Redirect Count: 0
Final URL: https://instagram.ftir1-2.fna.fbcdn.net/v/t51.82787-15/731185632_18610798156040236_9131728252997413762_n.jpg?stp=c0.430.2582.2582a_dst-jpegr_e35_s150x150_tt6&_nc_cat=107&ig_cache_key=MzkzMTY4ODAxNzg2OTYyMDI3Mw%3D%3D.3-ccb7-5&ccb=7-5&_nc_sid=58cdad&efg=eyJ2ZW5jb2RlX3RhZyI6IkNBUk9VU0VMX0lURU0ueHBpZHMuMjU4Mi5oZHIucmVndWxhcl9waG90by5DMyJ9&_nc_ohc=Rfp3cPpQp7cQ7kNvwHjYCky&_nc_oc=AdoaXno5DkpUmJIQvXnWi9QI3cXDwnYkVny6q-6NuV3rcxaaU0FgCF1Bd0f8npFxbu7Ob2KXtR6vCQYDsCj51W74&_nc_zt=23&se=-1&_nc_ht=instagram.ftir1-2.fna&_nc_gid=r9chAe_Qh3-1VmS7-my95A&_nc_ss=7f689&oh=00_AQC1u8lYyeDwJv24G1N_TFX4D2kLo7-zTqZ7I2eJbd1AVw&oe=6A4D480F

=================================================
RANKING IMAGE 2
=================================================

Candidate 0 | Score: 689554 | Reason: Original | Bytes: 689554
Candidate 1 | Score: 103704 | Reason: Resized | Bytes: 153704
Candidate 2 | Score: 25398 | Reason: Resized | Bytes: 75398
Candidate 3 | Score: 7843 | Reason: Resized, Sharpened | Bytes: 67843
Candidate 4 | Score: -10426 | Reason: Resized | Bytes: 39574
Candidate 5 | Score: -28402 | Reason: Resized | Bytes: 21598
Candidate 7 | Score: -31744 | Reason: Cropped, Resized | Bytes: 118256
Candidate 6 | Score: -35606 | Reason: Resized | Bytes: 14394
Candidate 8 | Score: -90668 | Reason: Cropped, Resized, Sharpened | Bytes: 69332
Candidate 9 | Score: -106833 | Reason: Cropped, Resized, Sharpened | Bytes: 53167
Candidate 10 | Score: -118400 | Reason: Cropped, Resized | Bytes: 31600
Candidate 11 | Score: -132478 | Reason: Cropped, Resized | Bytes: 17522
Candidate 12 | Score: -138101 | Reason: Cropped, Resized | Bytes: 11899
Candidate 13 | Score: -343338 | Reason: Cropped, Resized | Bytes: 6662

=================================================
Selected Candidate
Original URL: https://instagram.ftir1-2.fna.fbcdn.net/v/t51.82787-15/731185632_18610798156040236_9131728252997413762_n.jpg?stp=dst-jpegr_e35_tt6&_nc_cat=107&ig_cache_key=MzkzMTY4ODAxNzg2OTYyMDI3Mw%3D%3D.3-ccb7-5&ccb=7-5&_nc_sid=58cdad&efg=eyJ2ZW5jb2RlX3RhZyI6IkNBUk9VU0VMX0lURU0ueHBpZHMuMjU4Mi5oZHIucmVndWxhcl9waG90by5DMyJ9&_nc_ohc=Rfp3cPpQp7cQ7kNvwHjYCky&_nc_oc=AdoaXno5DkpUmJIQvXnWi9QI3cXDwnYkVny6q-6NuV3rcxaaU0FgCF1Bd0f8npFxbu7Ob2KXtR6vCQYDsCj51W74&_nc_zt=23&se=-1&_nc_ht=instagram.ftir1-2.fna&_nc_gid=r9chAe_Qh3-1VmS7-my95A&_nc_ss=7f689&oh=00_AQB1WTlpwkSe1T--QaL_kbzRbI_A7LqMJscFo4rCe0kVDg&oe=6A4D480F
Final URL: https://instagram.ftir1-2.fna.fbcdn.net/v/t51.82787-15/731185632_18610798156040236_9131728252997413762_n.jpg?stp=dst-jpegr_e35_tt6&_nc_cat=107&ig_cache_key=MzkzMTY4ODAxNzg2OTYyMDI3Mw%3D%3D.3-ccb7-5&ccb=7-5&_nc_sid=58cdad&efg=eyJ2ZW5jb2RlX3RhZyI6IkNBUk9VU0VMX0lURU0ueHBpZHMuMjU4Mi5oZHIucmVndWxhcl9waG90by5DMyJ9&_nc_ohc=Rfp3cPpQp7cQ7kNvwHjYCky&_nc_oc=AdoaXno5DkpUmJIQvXnWi9QI3cXDwnYkVny6q-6NuV3rcxaaU0FgCF1Bd0f8npFxbu7Ob2KXtR6vCQYDsCj51W74&_nc_zt=23&se=-1&_nc_ht=instagram.ftir1-2.fna&_nc_gid=r9chAe_Qh3-1VmS7-my95A&_nc_ss=7f689&oh=00_AQB1WTlpwkSe1T--QaL_kbzRbI_A7LqMJscFo4rCe0kVDg&oe=6A4D480F
Resolution: 0x0
Content-Length: 689554
Score: 689554
Reason Selected: Original (Highest Score)
=================================================

